Archive member included to satisfy reference by file (symbol)

/usr/lib/gcc/arm-none-eabi/10.3.0/thumb/v6-m/nofp/libgcc.a(_dvmd_tls.o)
                              CMakeFiles/Data_pad.dir/home/antonio/Progetti/picoProjects/pico-sdk/src/rp2_common/pico_divider/divider.S.obj (__aeabi_idiv0)
/usr/lib/gcc/arm-none-eabi/10.3.0/../../../../arm-none-eabi/lib/thumb/v6-m/nofp/libg.a(lib_a-atexit.o)
                              /usr/lib/gcc/arm-none-eabi/10.3.0/../../../../arm-none-eabi/lib/thumb/v6-m/nofp/crt0.o (atexit)
/usr/lib/gcc/arm-none-eabi/10.3.0/../../../../arm-none-eabi/lib/thumb/v6-m/nofp/libg.a(lib_a-calloc.o)
                              CMakeFiles/Data_pad.dir/home/antonio/Progetti/picoProjects/pico-sdk/src/rp2_common/pico_malloc/pico_malloc.c.obj (calloc)
/usr/lib/gcc/arm-none-eabi/10.3.0/../../../../arm-none-eabi/lib/thumb/v6-m/nofp/libg.a(lib_a-callocr.o)
                              /usr/lib/gcc/arm-none-eabi/10.3.0/../../../../arm-none-eabi/lib/thumb/v6-m/nofp/libg.a(lib_a-calloc.o) (_calloc_r)
/usr/lib/gcc/arm-none-eabi/10.3.0/../../../../arm-none-eabi/lib/thumb/v6-m/nofp/libg.a(lib_a-ctype_.o)
                              CMakeFiles/Data_pad.dir/home/antonio/Progetti/picoProjects/pico-sdk/lib/tinyusb/src/tusb.c.obj (_ctype_)
/usr/lib/gcc/arm-none-eabi/10.3.0/../../../../arm-none-eabi/lib/thumb/v6-m/nofp/libg.a(lib_a-errno.o)
                              /usr/lib/gcc/arm-none-eabi/10.3.0/../../../../arm-none-eabi/lib/thumb/v6-m/nofp/libg.a(lib_a-callocr.o) (__errno)
/usr/lib/gcc/arm-none-eabi/10.3.0/../../../../arm-none-eabi/lib/thumb/v6-m/nofp/libg.a(lib_a-fini.o)
                              /usr/lib/gcc/arm-none-eabi/10.3.0/../../../../arm-none-eabi/lib/thumb/v6-m/nofp/crt0.o (__libc_fini_array)
/usr/lib/gcc/arm-none-eabi/10.3.0/../../../../arm-none-eabi/lib/thumb/v6-m/nofp/libg.a(lib_a-impure.o)
                              /usr/lib/gcc/arm-none-eabi/10.3.0/../../../../arm-none-eabi/lib/thumb/v6-m/nofp/libg.a(lib_a-calloc.o) (_impure_ptr)
/usr/lib/gcc/arm-none-eabi/10.3.0/../../../../arm-none-eabi/lib/thumb/v6-m/nofp/libg.a(lib_a-init.o)
                              /usr/lib/gcc/arm-none-eabi/10.3.0/../../../../arm-none-eabi/lib/thumb/v6-m/nofp/crt0.o (__libc_init_array)
/usr/lib/gcc/arm-none-eabi/10.3.0/../../../../arm-none-eabi/lib/thumb/v6-m/nofp/libg.a(lib_a-malloc.o)
                              CMakeFiles/Data_pad.dir/home/antonio/Progetti/picoProjects/pico-sdk/src/rp2_common/pico_malloc/pico_malloc.c.obj (malloc)
/usr/lib/gcc/arm-none-eabi/10.3.0/../../../../arm-none-eabi/lib/thumb/v6-m/nofp/libg.a(lib_a-mallocr.o)
                              /usr/lib/gcc/arm-none-eabi/10.3.0/../../../../arm-none-eabi/lib/thumb/v6-m/nofp/libg.a(lib_a-callocr.o) (_malloc_r)
/usr/lib/gcc/arm-none-eabi/10.3.0/../../../../arm-none-eabi/lib/thumb/v6-m/nofp/libg.a(lib_a-mlock.o)
                              /usr/lib/gcc/arm-none-eabi/10.3.0/../../../../arm-none-eabi/lib/thumb/v6-m/nofp/libg.a(lib_a-mallocr.o) (__malloc_lock)
/usr/lib/gcc/arm-none-eabi/10.3.0/../../../../arm-none-eabi/lib/thumb/v6-m/nofp/libg.a(lib_a-sbrkr.o)
                              /usr/lib/gcc/arm-none-eabi/10.3.0/../../../../arm-none-eabi/lib/thumb/v6-m/nofp/libg.a(lib_a-mallocr.o) (_sbrk_r)
/usr/lib/gcc/arm-none-eabi/10.3.0/../../../../arm-none-eabi/lib/thumb/v6-m/nofp/libg.a(lib_a-strlen-stub.o)
                              CMakeFiles/Data_pad.dir/home/antonio/Progetti/picoProjects/pico-sdk/src/rp2_common/pico_stdio/stdio.c.obj (strlen)
/usr/lib/gcc/arm-none-eabi/10.3.0/../../../../arm-none-eabi/lib/thumb/v6-m/nofp/libg.a(lib_a-__atexit.o)
                              /usr/lib/gcc/arm-none-eabi/10.3.0/../../../../arm-none-eabi/lib/thumb/v6-m/nofp/libg.a(lib_a-atexit.o) (__register_exitproc)
/usr/lib/gcc/arm-none-eabi/10.3.0/../../../../arm-none-eabi/lib/thumb/v6-m/nofp/libg.a(lib_a-__call_atexit.o)
                              /usr/lib/gcc/arm-none-eabi/10.3.0/../../../../arm-none-eabi/lib/thumb/v6-m/nofp/libg.a(lib_a-__atexit.o) (__atexit_recursive_mutex)
/usr/lib/gcc/arm-none-eabi/10.3.0/../../../../arm-none-eabi/lib/thumb/v6-m/nofp/libg.a(lib_a-freer.o)
                              /usr/lib/gcc/arm-none-eabi/10.3.0/../../../../arm-none-eabi/lib/thumb/v6-m/nofp/libg.a(lib_a-malloc.o) (_free_r)
/usr/lib/gcc/arm-none-eabi/10.3.0/../../../../arm-none-eabi/lib/thumb/v6-m/nofp/libg.a(lib_a-lock.o)
                              /usr/lib/gcc/arm-none-eabi/10.3.0/../../../../arm-none-eabi/lib/thumb/v6-m/nofp/libg.a(lib_a-mlock.o) (__retarget_lock_acquire_recursive)
/usr/lib/gcc/arm-none-eabi/10.3.0/../../../../arm-none-eabi/lib/thumb/v6-m/nofp/libg.a(lib_a-reent.o)
                              /usr/lib/gcc/arm-none-eabi/10.3.0/../../../../arm-none-eabi/lib/thumb/v6-m/nofp/libg.a(lib_a-sbrkr.o) (errno)

Discarded input sections

 .text          0x0000000000000000        0x0 /usr/lib/gcc/arm-none-eabi/10.3.0/thumb/v6-m/nofp/crti.o
[...]
Memory Configuration

Name             Origin             Length             Attributes
FLASH            0x0000000010000000 0x0000000000200000 xr
RAM              0x0000000020000000 0x0000000000040000 xrw
SCRATCH_X        0x0000000020040000 0x0000000000001000 xrw
SCRATCH_Y        0x0000000020041000 0x0000000000001000 xrw
*default*        0x0000000000000000 0xffffffffffffffff

Linker script and memory map

LOAD /usr/lib/gcc/arm-none-eabi/10.3.0/thumb/v6-m/nofp/crti.o
LOAD /usr/lib/gcc/arm-none-eabi/10.3.0/thumb/v6-m/nofp/crtbegin.o
LOAD /usr/lib/gcc/arm-none-eabi/10.3.0/../../../../arm-none-eabi/lib/thumb/v6-m/nofp/crt0.o

.flash_begin    0x0000000010000000        0x0
                0x0000000010000000                __flash_binary_start = .

.boot2          0x0000000010000000      0x100
                0x0000000010000000                __boot2_start__ = .
 *(.boot2)
 .boot2         0x0000000010000000      0x100 /tmp/cch1UM8V.o
                0x0000000010000100                __boot2_end__ = .
                0x0000000000000001                ASSERT (((__boot2_end__ - __boot2_start__) == 0x100), ERROR: Pico second stage bootloader must be 256 bytes in size)

.text           0x0000000010000100     0x8000
                0x0000000010000100                __logical_binary_start = .
 *(.vectors)
 .vectors       0x0000000010000100       0xd4 CMakeFiles/Data_pad.dir/home/antonio/Progetti/picoProjects/pico-sdk/src/rp2_common/pico_standard_link/crt0.S.obj
                0x0000000010000100                __vectors
                0x00000000100001c0                isr_invalid
                0x00000000100001c2                isr_nmi
                0x00000000100001c4                isr_hardfault
                0x00000000100001c6                isr_svcall
                0x00000000100001c8                isr_pendsv
                0x00000000100001ca                isr_systick
                0x00000000100001cc                isr_irq30
                0x00000000100001cc                __unhandled_user_irq
                0x00000000100001cc                isr_irq13
                0x00000000100001cc                isr_irq27
                0x00000000100001cc                isr_irq31
                0x00000000100001cc                isr_irq5
                0x00000000100001cc                isr_irq11
                0x00000000100001cc                isr_irq23
                0x00000000100001cc                isr_irq18
                0x00000000100001cc                isr_irq28
                0x00000000100001cc                isr_irq19
                0x00000000100001cc                isr_irq0
                0x00000000100001cc                isr_irq6
                0x00000000100001cc                isr_irq22
                0x00000000100001cc                isr_irq17
                0x00000000100001cc                isr_irq14
                0x00000000100001cc                isr_irq2
                0x00000000100001cc                isr_irq10
                0x00000000100001cc                isr_irq8
                0x00000000100001cc                isr_irq24
                0x00000000100001cc                isr_irq1
                0x00000000100001cc                isr_irq7
                0x00000000100001cc                isr_irq21
                0x00000000100001cc                isr_irq20
                0x00000000100001cc                isr_irq15
                0x00000000100001cc                isr_irq25
                0x00000000100001cc                isr_irq4
                0x00000000100001cc                isr_irq16
                0x00000000100001cc                isr_irq29
                0x00000000100001cc                isr_irq26
                0x00000000100001cc                isr_irq3
                0x00000000100001cc                isr_irq12
                0x00000000100001cc                isr_irq9
                0x00000000100001d2                unhandled_user_irq_num_in_r0
 *(.binary_info_header)
 .binary_info_header
                0x00000000100001d4       0x14 CMakeFiles/Data_pad.dir/home/antonio/Progetti/picoProjects/pico-sdk/src/rp2_common/pico_standard_link/crt0.S.obj
                0x00000000100001e8                __binary_info_header_end = .
 *(.reset)
 .reset         0x00000000100001e8       0xa8 CMakeFiles/Data_pad.dir/home/antonio/Progetti/picoProjects/pico-sdk/src/rp2_common/pico_standard_link/crt0.S.obj
                0x00000000100001e8                _entry_point
                0x0000000010000266                __get_current_exception
 .reset         0x0000000010000290       0x30 CMakeFiles/Data_pad.dir/home/antonio/Progetti/picoProjects/pico-sdk/src/rp2_common/pico_standard_link/binary_info.c.obj
 *(.init)
 .init          0x00000000100002c0        0x4 /usr/lib/gcc/arm-none-eabi/10.3.0/thumb/v6-m/nofp/crti.o
                0x00000000100002c0                _init
 *(EXCLUDE_FILE(*libm.a: *libc.a:*lib_a-mem*.o *libgcc.a:) .text*)
 .text.frame_dummy
                0x00000000100002c4       0x20 /usr/lib/gcc/arm-none-eabi/10.3.0/thumb/v6-m/nofp/crtbegin.o
 .text.do_once  0x00000000100002e4       0x18 CMakeFiles/Data_pad.dir/Data_pad.c.obj
                0x00000000100002e4                do_once
 .text.do_in_loop
                0x00000000100002fc        0x8 CMakeFiles/Data_pad.dir/Data_pad.c.obj
                0x00000000100002fc                do_in_loop
 .text.main     0x0000000010000304        0xa CMakeFiles/Data_pad.dir/Data_pad.c.obj
                0x0000000010000304                main
 .text.joystick_init
                0x000000001000030e       0x3c CMakeFiles/Data_pad.dir/Joystick.c.obj
                0x000000001000030e                joystick_init
 *fill*         0x000000001000034a        0x2 
 .text.joystick_read_x_axis
                0x000000001000034c       0x38 CMakeFiles/Data_pad.dir/Joystick.c.obj
                0x000000001000034c                joystick_read_x_axis
 .text.joystick_read_y_axis
                0x0000000010000384       0x38 CMakeFiles/Data_pad.dir/Joystick.c.obj
                0x0000000010000384                joystick_read_y_axis
 .text.buttons_init
                0x00000000100003bc      0x1cc CMakeFiles/Data_pad.dir/Buttons.c.obj
                0x00000000100003bc                buttons_init
 .text.buttons_update
                0x0000000010000588       0x2c CMakeFiles/Data_pad.dir/Buttons.c.obj
                0x0000000010000588                buttons_update
 .text.buttons_print
                0x00000000100005b4       0x20 CMakeFiles/Data_pad.dir/Buttons.c.obj
                0x00000000100005b4                buttons_print
 .text.buttons_is_pressed
                0x00000000100005d4       0x3c CMakeFiles/Data_pad.dir/Buttons.c.obj
                0x00000000100005d4                buttons_is_pressed
 .text.send_data_over_usb
                0x0000000010000610       0x40 CMakeFiles/Data_pad.dir/Serial.c.obj
                0x0000000010000610                send_data_over_usb
 .text.strip_init
                0x0000000010000650      0x134 CMakeFiles/Data_pad.dir/Libraries/PicoRGB/PicoRGB.c.obj
                0x0000000010000650                strip_init
 .text.strip_set_led_color
                0x0000000010000784       0x18 CMakeFiles/Data_pad.dir/Libraries/PicoRGB/PicoRGB.c.obj
                0x0000000010000784                strip_set_led_color
 .text.strip_update
                0x000000001000079c       0x3c CMakeFiles/Data_pad.dir/Libraries/PicoRGB/PicoRGB.c.obj
                0x000000001000079c                strip_update
 .text.animation_alarm_callback
                0x00000000100007d8       0x10 CMakeFiles/Data_pad.dir/Libraries/PicoOled/PicoOled.c.obj
                0x00000000100007d8                animation_alarm_callback
 .text.init_i2c
                0x00000000100007e8       0x38 CMakeFiles/Data_pad.dir/Libraries/PicoOled/PicoOled.c.obj
 .text.pages    0x0000000010000820        0x4 CMakeFiles/Data_pad.dir/Libraries/PicoOled/PicoOled.c.obj
                0x0000000010000820                pages
 .text.display_clear
                0x0000000010000824       0x18 CMakeFiles/Data_pad.dir/Libraries/PicoOled/PicoOled.c.obj
                0x0000000010000824                display_clear
 .text.send_data
                0x000000001000083c       0x1c CMakeFiles/Data_pad.dir/Libraries/PicoOled/PicoOled.c.obj
                0x000000001000083c                send_data
 .text.send2    0x0000000010000858       0x16 CMakeFiles/Data_pad.dir/Libraries/PicoOled/PicoOled.c.obj
                0x0000000010000858                send2
 .text.write_cmd
                0x000000001000086e        0xc CMakeFiles/Data_pad.dir/Libraries/PicoOled/PicoOled.c.obj
                0x000000001000086e                write_cmd
 *fill*         0x000000001000087a        0x2 
 .text.display_update
                0x000000001000087c       0x50 CMakeFiles/Data_pad.dir/Libraries/PicoOled/PicoOled.c.obj
                0x000000001000087c                display_update
 .text.display_init
                0x00000000100008cc       0x28 CMakeFiles/Data_pad.dir/Libraries/PicoOled/PicoOled.c.obj
                0x00000000100008cc                display_init
 .text.draw_pixel
                0x00000000100008f4       0x60 CMakeFiles/Data_pad.dir/Libraries/PicoOled/PicoOled.c.obj
                0x00000000100008f4                draw_pixel
 .text.display_draw_bitmap
                0x0000000010000954       0x9a CMakeFiles/Data_pad.dir/Libraries/PicoOled/PicoOled.c.obj
                0x0000000010000954                display_draw_bitmap
 *fill*         0x00000000100009ee        0x2 
 .text.display_draw_animation
                0x00000000100009f0       0xd8 CMakeFiles/Data_pad.dir/Libraries/PicoOled/PicoOled.c.obj
                0x00000000100009f0                display_draw_animation
 .text.display_draw_letter_at
                0x0000000010000ac8       0x88 CMakeFiles/Data_pad.dir/Libraries/PicoOled/PicoOled.c.obj
                0x0000000010000ac8                display_draw_letter_at
 .text.display_print
                0x0000000010000b50       0x40 CMakeFiles/Data_pad.dir/Libraries/PicoOled/PicoOled.c.obj
                0x0000000010000b50                display_print
 .text.display_set_x_cursor
                0x0000000010000b90        0xc CMakeFiles/Data_pad.dir/Libraries/PicoOled/PicoOled.c.obj
                0x0000000010000b90                display_set_x_cursor
 .text.display_set_y_cursor
                0x0000000010000b9c        0xc CMakeFiles/Data_pad.dir/Libraries/PicoOled/PicoOled.c.obj
                0x0000000010000b9c                display_set_y_cursor
 .text.keypad_init
                0x0000000010000ba8       0x58 CMakeFiles/Data_pad.dir/RGBkeypad.c.obj
                0x0000000010000ba8                keypad_init
 .text.keypad_set_uniform_color
                0x0000000010000c00       0x68 CMakeFiles/Data_pad.dir/RGBkeypad.c.obj
                0x0000000010000c00                keypad_set_uniform_color
 .text.keypad_lightup_pressed_buttons
                0x0000000010000c68       0xa8 CMakeFiles/Data_pad.dir/RGBkeypad.c.obj
                0x0000000010000c68                keypad_lightup_pressed_buttons
 .text.keypad_change_light_mode
                0x0000000010000d10       0x40 CMakeFiles/Data_pad.dir/RGBkeypad.c.obj
                0x0000000010000d10                keypad_change_light_mode
 .text.keypad_listen
                0x0000000010000d50       0x98 CMakeFiles/Data_pad.dir/RGBkeypad.c.obj
                0x0000000010000d50                keypad_listen
 .text.keypad_is_debug_mode_true
                0x0000000010000de8        0xc CMakeFiles/Data_pad.dir/RGBkeypad.c.obj
                0x0000000010000de8                keypad_is_debug_mode_true
 .text.handle_button_error
                0x0000000010000df4       0x60 CMakeFiles/Data_pad.dir/Internal_routines.c.obj
                0x0000000010000df4                handle_button_error
 .text.hardware_check
                0x0000000010000e54      0x1d4 CMakeFiles/Data_pad.dir/Internal_routines.c.obj
                0x0000000010000e54                hardware_check
 .text.oled_display_boot_screen
                0x0000000010001028       0xa4 CMakeFiles/Data_pad.dir/Internal_routines.c.obj
                0x0000000010001028                oled_display_boot_screen
 .text.internal_routines_init
                0x00000000100010cc       0x28 CMakeFiles/Data_pad.dir/Internal_routines.c.obj
                0x00000000100010cc                internal_routines_init
 .text.oled_activity
                0x00000000100010f4      0x164 CMakeFiles/Data_pad.dir/Internal_routines.c.obj
                0x00000000100010f4                oled_activity
 .text.internal_routines_run
                0x0000000010001258       0x3c CMakeFiles/Data_pad.dir/Internal_routines.c.obj
                0x0000000010001258                internal_routines_run
 .text.gpio_set_function
                0x0000000010001294       0x30 CMakeFiles/Data_pad.dir/home/antonio/Progetti/picoProjects/pico-sdk/src/rp2_common/hardware_gpio/gpio.c.obj
                0x0000000010001294                gpio_set_function
 .text.gpio_set_pulls
                0x00000000100012c4       0x34 CMakeFiles/Data_pad.dir/home/antonio/Progetti/picoProjects/pico-sdk/src/rp2_common/hardware_gpio/gpio.c.obj
                0x00000000100012c4                gpio_set_pulls
 .text.gpio_set_input_enabled
                0x00000000100012f8       0x30 CMakeFiles/Data_pad.dir/home/antonio/Progetti/picoProjects/pico-sdk/src/rp2_common/hardware_gpio/gpio.c.obj
                0x00000000100012f8                gpio_set_input_enabled
 .text.gpio_init
                0x0000000010001328       0x16 CMakeFiles/Data_pad.dir/home/antonio/Progetti/picoProjects/pico-sdk/src/rp2_common/hardware_gpio/gpio.c.obj
                0x0000000010001328                gpio_init
 *fill*         0x000000001000133e        0x2 
 .text.hw_claim_lock
                0x0000000010001340       0x18 CMakeFiles/Data_pad.dir/home/antonio/Progetti/picoProjects/pico-sdk/src/rp2_common/hardware_claim/claim.c.obj
                0x0000000010001340                hw_claim_lock
 .text.hw_claim_unlock
                0x0000000010001358       0x14 CMakeFiles/Data_pad.dir/home/antonio/Progetti/picoProjects/pico-sdk/src/rp2_common/hardware_claim/claim.c.obj
                0x0000000010001358                hw_claim_unlock
 .text.hw_claim_or_assert
                0x000000001000136c       0x36 CMakeFiles/Data_pad.dir/home/antonio/Progetti/picoProjects/pico-sdk/src/rp2_common/hardware_claim/claim.c.obj
                0x000000001000136c                hw_claim_or_assert
 .text.hw_claim_unused_from_range
                0x00000000100013a2       0x58 CMakeFiles/Data_pad.dir/home/antonio/Progetti/picoProjects/pico-sdk/src/rp2_common/hardware_claim/claim.c.obj
                0x00000000100013a2                hw_claim_unused_from_range
 *fill*         0x00000000100013fa        0x2 
 .text.spin_locks_reset
                0x00000000100013fc       0x20 CMakeFiles/Data_pad.dir/home/antonio/Progetti/picoProjects/pico-sdk/src/rp2_common/hardware_sync/sync.c.obj
                0x00000000100013fc                spin_locks_reset
 .text.next_striped_spin_lock_num
                0x000000001000141c       0x1c CMakeFiles/Data_pad.dir/home/antonio/Progetti/picoProjects/pico-sdk/src/rp2_common/hardware_sync/sync.c.obj
                0x000000001000141c                next_striped_spin_lock_num
 .text.spin_lock_claim_unused
                0x0000000010001438       0x20 CMakeFiles/Data_pad.dir/home/antonio/Progetti/picoProjects/pico-sdk/src/rp2_common/hardware_sync/sync.c.obj
                0x0000000010001438                spin_lock_claim_unused
 .text.running_on_fpga
                0x0000000010001458       0x14 CMakeFiles/Data_pad.dir/home/antonio/Progetti/picoProjects/pico-sdk/src/rp2_common/pico_platform/platform.c.obj
                0x0000000010001458                running_on_fpga
 .text.sev_callback
                0x000000001000146c        0x8 CMakeFiles/Data_pad.dir/home/antonio/Progetti/picoProjects/pico-sdk/src/common/pico_time/time.c.obj
 .text.alarm_pool_post_alloc_init
                0x0000000010001474       0x40 CMakeFiles/Data_pad.dir/home/antonio/Progetti/picoProjects/pico-sdk/src/common/pico_time/time.c.obj
 .text.timer_pool_entry_comparator
                0x00000000100014b4       0x78 CMakeFiles/Data_pad.dir/home/antonio/Progetti/picoProjects/pico-sdk/src/common/pico_time/time.c.obj
                0x00000000100014b4                timer_pool_entry_comparator
 .text.ph_add_child_node
                0x000000001000152c       0xa4 CMakeFiles/Data_pad.dir/home/antonio/Progetti/picoProjects/pico-sdk/src/common/pico_time/time.c.obj
 .text.ph_merge_nodes
                0x00000000100015d0       0x3e CMakeFiles/Data_pad.dir/home/antonio/Progetti/picoProjects/pico-sdk/src/common/pico_time/time.c.obj
 *fill*         0x000000001000160e        0x2 
 .text.add_alarm_under_lock
                0x0000000010001610      0x174 CMakeFiles/Data_pad.dir/home/antonio/Progetti/picoProjects/pico-sdk/src/common/pico_time/time.c.obj
 .text.alarm_pool_alarm_callback
                0x0000000010001784      0x308 CMakeFiles/Data_pad.dir/home/antonio/Progetti/picoProjects/pico-sdk/src/common/pico_time/time.c.obj
 .text.alarm_pool_init_default
                0x0000000010001a8c       0x2c CMakeFiles/Data_pad.dir/home/antonio/Progetti/picoProjects/pico-sdk/src/common/pico_time/time.c.obj
                0x0000000010001a8c                alarm_pool_init_default
 .text.alarm_pool_get_default
                0x0000000010001ab8       0x2c CMakeFiles/Data_pad.dir/home/antonio/Progetti/picoProjects/pico-sdk/src/common/pico_time/time.c.obj
                0x0000000010001ab8                alarm_pool_get_default
 .text.alarm_pool_add_alarm_at
                0x0000000010001ae4      0x140 CMakeFiles/Data_pad.dir/home/antonio/Progetti/picoProjects/pico-sdk/src/common/pico_time/time.c.obj
                0x0000000010001ae4                alarm_pool_add_alarm_at
 .text.alarm_pool_cancel_alarm
                0x0000000010001c24       0xec CMakeFiles/Data_pad.dir/home/antonio/Progetti/picoProjects/pico-sdk/src/common/pico_time/time.c.obj
                0x0000000010001c24                alarm_pool_cancel_alarm
 .text.sleep_until
                0x0000000010001d10       0xa0 CMakeFiles/Data_pad.dir/home/antonio/Progetti/picoProjects/pico-sdk/src/common/pico_time/time.c.obj
                0x0000000010001d10                sleep_until
 .text.sleep_us
                0x0000000010001db0       0x2e CMakeFiles/Data_pad.dir/home/antonio/Progetti/picoProjects/pico-sdk/src/common/pico_time/time.c.obj
                0x0000000010001db0                sleep_us
 .text.sleep_ms
                0x0000000010001dde       0x14 CMakeFiles/Data_pad.dir/home/antonio/Progetti/picoProjects/pico-sdk/src/common/pico_time/time.c.obj
                0x0000000010001dde                sleep_ms
 *fill*         0x0000000010001df2        0x2 
 .text.best_effort_wfe_or_timeout
                0x0000000010001df4       0x80 CMakeFiles/Data_pad.dir/home/antonio/Progetti/picoProjects/pico-sdk/src/common/pico_time/time.c.obj
                0x0000000010001df4                best_effort_wfe_or_timeout
 .text.hardware_alarm_irq_handler
                0x0000000010001e74       0x8c CMakeFiles/Data_pad.dir/home/antonio/Progetti/picoProjects/pico-sdk/src/rp2_common/hardware_timer/timer.c.obj
 .text.hardware_alarm_claim
                0x0000000010001f00       0x18 CMakeFiles/Data_pad.dir/home/antonio/Progetti/picoProjects/pico-sdk/src/rp2_common/hardware_timer/timer.c.obj
                0x0000000010001f00                hardware_alarm_claim
 .text.time_us_64
                0x0000000010001f18       0x18 CMakeFiles/Data_pad.dir/home/antonio/Progetti/picoProjects/pico-sdk/src/rp2_common/hardware_timer/timer.c.obj
                0x0000000010001f18                time_us_64
 .text.busy_wait_until
                0x0000000010001f30       0x28 CMakeFiles/Data_pad.dir/home/antonio/Progetti/picoProjects/pico-sdk/src/rp2_common/hardware_timer/timer.c.obj
                0x0000000010001f30                busy_wait_until
 .text.hardware_alarm_set_callback
                0x0000000010001f58       0x90 CMakeFiles/Data_pad.dir/home/antonio/Progetti/picoProjects/pico-sdk/src/rp2_common/hardware_timer/timer.c.obj
                0x0000000010001f58                hardware_alarm_set_callback
 .text.hardware_alarm_set_target
                0x0000000010001fe8       0xc8 CMakeFiles/Data_pad.dir/home/antonio/Progetti/picoProjects/pico-sdk/src/rp2_common/hardware_timer/timer.c.obj
                0x0000000010001fe8                hardware_alarm_set_target
 .text.hardware_alarm_cancel
                0x00000000100020b0       0x40 CMakeFiles/Data_pad.dir/home/antonio/Progetti/picoProjects/pico-sdk/src/rp2_common/hardware_timer/timer.c.obj
                0x00000000100020b0                hardware_alarm_cancel
 .text.lock_init
                0x00000000100020f0       0x10 CMakeFiles/Data_pad.dir/home/antonio/Progetti/picoProjects/pico-sdk/src/common/pico_sync/lock_core.c.obj
                0x00000000100020f0                lock_init
 .text.mutex_init
                0x0000000010002100       0x1a CMakeFiles/Data_pad.dir/home/antonio/Progetti/picoProjects/pico-sdk/src/common/pico_sync/mutex.c.obj
                0x0000000010002100                mutex_init
 .text.critical_section_init_with_lock_num
                0x000000001000211a        0xc CMakeFiles/Data_pad.dir/home/antonio/Progetti/picoProjects/pico-sdk/src/common/pico_sync/critical_section.c.obj
                0x000000001000211a                critical_section_init_with_lock_num
 .text.critical_section_init
                0x0000000010002126       0x14 CMakeFiles/Data_pad.dir/home/antonio/Progetti/picoProjects/pico-sdk/src/common/pico_sync/critical_section.c.obj
                0x0000000010002126                critical_section_init
 *fill*         0x000000001000213a        0x2 
 .text.ph_add_child_node
                0x000000001000213c       0xa4 CMakeFiles/Data_pad.dir/home/antonio/Progetti/picoProjects/pico-sdk/src/common/pico_util/pheap.c.obj
 .text.ph_merge_nodes
                0x00000000100021e0       0x3e CMakeFiles/Data_pad.dir/home/antonio/Progetti/picoProjects/pico-sdk/src/common/pico_util/pheap.c.obj
 *fill*         0x000000001000221e        0x2 
 .text.ph_clear
                0x0000000010002220       0x70 CMakeFiles/Data_pad.dir/home/antonio/Progetti/picoProjects/pico-sdk/src/common/pico_util/pheap.c.obj
                0x0000000010002220                ph_clear
 .text.ph_post_alloc_init
                0x0000000010002290        0xe CMakeFiles/Data_pad.dir/home/antonio/Progetti/picoProjects/pico-sdk/src/common/pico_util/pheap.c.obj
                0x0000000010002290                ph_post_alloc_init
 *fill*         0x000000001000229e        0x2 
 .text.ph_merge_two_pass
                0x00000000100022a0       0xa8 CMakeFiles/Data_pad.dir/home/antonio/Progetti/picoProjects/pico-sdk/src/common/pico_util/pheap.c.obj
                0x00000000100022a0                ph_merge_two_pass
 .text.ph_remove_any_head
                0x0000000010002348      0x108 CMakeFiles/Data_pad.dir/home/antonio/Progetti/picoProjects/pico-sdk/src/common/pico_util/pheap.c.obj
 .text.ph_remove_head
                0x0000000010002450       0x14 CMakeFiles/Data_pad.dir/home/antonio/Progetti/picoProjects/pico-sdk/src/common/pico_util/pheap.c.obj
                0x0000000010002450                ph_remove_head
 .text.ph_remove_and_free_node
                0x0000000010002464       0xf8 CMakeFiles/Data_pad.dir/home/antonio/Progetti/picoProjects/pico-sdk/src/common/pico_util/pheap.c.obj
                0x0000000010002464                ph_remove_and_free_node
 .text.runtime_init
                0x000000001000255c       0xcc CMakeFiles/Data_pad.dir/home/antonio/Progetti/picoProjects/pico-sdk/src/rp2_common/pico_runtime/runtime.c.obj
                0x000000001000255c                runtime_init
 .text._exit    0x0000000010002628        0x4 CMakeFiles/Data_pad.dir/home/antonio/Progetti/picoProjects/pico-sdk/src/rp2_common/pico_runtime/runtime.c.obj
                0x0000000010002628                _exit
 .text.exit     0x000000001000262c        0x6 CMakeFiles/Data_pad.dir/home/antonio/Progetti/picoProjects/pico-sdk/src/rp2_common/pico_runtime/runtime.c.obj
                0x000000001000262c                exit
 *fill*         0x0000000010002632        0x2 
 .text.__assert_func
                0x0000000010002634       0x3c CMakeFiles/Data_pad.dir/home/antonio/Progetti/picoProjects/pico-sdk/src/rp2_common/pico_runtime/runtime.c.obj
                0x0000000010002634                __assert_func
 .text.panic    0x0000000010002670       0x30 CMakeFiles/Data_pad.dir/home/antonio/Progetti/picoProjects/pico-sdk/src/rp2_common/pico_runtime/runtime.c.obj
                0x0000000010002670                panic
 .text.clock_configure
                0x00000000100026a0       0xe8 CMakeFiles/Data_pad.dir/home/antonio/Progetti/picoProjects/pico-sdk/src/rp2_common/hardware_clocks/clocks.c.obj
                0x00000000100026a0                clock_configure
 .text.clocks_init
                0x0000000010002788      0x124 CMakeFiles/Data_pad.dir/home/antonio/Progetti/picoProjects/pico-sdk/src/rp2_common/hardware_clocks/clocks.c.obj
                0x0000000010002788                clocks_init
 .text.clock_get_hz
                0x00000000100028ac        0xc CMakeFiles/Data_pad.dir/home/antonio/Progetti/picoProjects/pico-sdk/src/rp2_common/hardware_clocks/clocks.c.obj
                0x00000000100028ac                clock_get_hz
 .text.watchdog_start_tick
                0x00000000100028b8       0x10 CMakeFiles/Data_pad.dir/home/antonio/Progetti/picoProjects/pico-sdk/src/rp2_common/hardware_watchdog/watchdog.c.obj
                0x00000000100028b8                watchdog_start_tick
 .text.watchdog_update
                0x00000000100028c8       0x14 CMakeFiles/Data_pad.dir/home/antonio/Progetti/picoProjects/pico-sdk/src/rp2_common/hardware_watchdog/watchdog.c.obj
                0x00000000100028c8                watchdog_update
 .text._watchdog_enable
                0x00000000100028dc       0x70 CMakeFiles/Data_pad.dir/home/antonio/Progetti/picoProjects/pico-sdk/src/rp2_common/hardware_watchdog/watchdog.c.obj
                0x00000000100028dc                _watchdog_enable
 .text.watchdog_reboot
                0x000000001000294c       0x48 CMakeFiles/Data_pad.dir/home/antonio/Progetti/picoProjects/pico-sdk/src/rp2_common/hardware_watchdog/watchdog.c.obj
                0x000000001000294c                watchdog_reboot
 .text.xosc_init
                0x0000000010002994       0x28 CMakeFiles/Data_pad.dir/home/antonio/Progetti/picoProjects/pico-sdk/src/rp2_common/hardware_xosc/xosc.c.obj
                0x0000000010002994                xosc_init
 .text.pll_init
                0x00000000100029bc       0xd0 CMakeFiles/Data_pad.dir/home/antonio/Progetti/picoProjects/pico-sdk/src/rp2_common/hardware_pll/pll.c.obj
                0x00000000100029bc                pll_init
 .text.set_raw_irq_handler_and_unlock
                0x0000000010002a8c       0x28 CMakeFiles/Data_pad.dir/home/antonio/Progetti/picoProjects/pico-sdk/src/rp2_common/hardware_irq/irq.c.obj
 .text.make_branch
                0x0000000010002ab4       0x34 CMakeFiles/Data_pad.dir/home/antonio/Progetti/picoProjects/pico-sdk/src/rp2_common/hardware_irq/irq.c.obj
 .text.insert_branch_and_link
                0x0000000010002ae8       0x40 CMakeFiles/Data_pad.dir/home/antonio/Progetti/picoProjects/pico-sdk/src/rp2_common/hardware_irq/irq.c.obj
 .text.irq_is_enabled
                0x0000000010002b28       0x18 CMakeFiles/Data_pad.dir/home/antonio/Progetti/picoProjects/pico-sdk/src/rp2_common/hardware_irq/irq.c.obj
                0x0000000010002b28                irq_is_enabled
 .text.irq_set_mask_enabled
                0x0000000010002b40       0x20 CMakeFiles/Data_pad.dir/home/antonio/Progetti/picoProjects/pico-sdk/src/rp2_common/hardware_irq/irq.c.obj
                0x0000000010002b40                irq_set_mask_enabled
 .text.irq_set_enabled
                0x0000000010002b60        0xe CMakeFiles/Data_pad.dir/home/antonio/Progetti/picoProjects/pico-sdk/src/rp2_common/hardware_irq/irq.c.obj
                0x0000000010002b60                irq_set_enabled
 *fill*         0x0000000010002b6e        0x2 
 .text.irq_set_pending
                0x0000000010002b70       0x10 CMakeFiles/Data_pad.dir/home/antonio/Progetti/picoProjects/pico-sdk/src/rp2_common/hardware_irq/irq.c.obj
                0x0000000010002b70                irq_set_pending
 .text.irq_get_vtable_handler
                0x0000000010002b80       0x10 CMakeFiles/Data_pad.dir/home/antonio/Progetti/picoProjects/pico-sdk/src/rp2_common/hardware_irq/irq.c.obj
                0x0000000010002b80                irq_get_vtable_handler
 .text.irq_set_exclusive_handler
                0x0000000010002b90       0x54 CMakeFiles/Data_pad.dir/home/antonio/Progetti/picoProjects/pico-sdk/src/rp2_common/hardware_irq/irq.c.obj
                0x0000000010002b90                irq_set_exclusive_handler
 .text.irq_remove_handler
                0x0000000010002be4      0x1ac CMakeFiles/Data_pad.dir/home/antonio/Progetti/picoProjects/pico-sdk/src/rp2_common/hardware_irq/irq.c.obj
                0x0000000010002be4                irq_remove_handler
 .text.irq_set_priority
                0x0000000010002d90       0x28 CMakeFiles/Data_pad.dir/home/antonio/Progetti/picoProjects/pico-sdk/src/rp2_common/hardware_irq/irq.c.obj
                0x0000000010002d90                irq_set_priority
 .text.irq_add_tail_to_free_list
                0x0000000010002db8       0xf0 CMakeFiles/Data_pad.dir/home/antonio/Progetti/picoProjects/pico-sdk/src/rp2_common/hardware_irq/irq.c.obj
                0x0000000010002db8                irq_add_tail_to_free_list
 .text.irq_init_priorities
                0x0000000010002ea8       0x16 CMakeFiles/Data_pad.dir/home/antonio/Progetti/picoProjects/pico-sdk/src/rp2_common/hardware_irq/irq.c.obj
                0x0000000010002ea8                irq_init_priorities
 .text._out_buffer
                0x0000000010002ebe        0x8 CMakeFiles/Data_pad.dir/home/antonio/Progetti/picoProjects/pico-sdk/src/rp2_common/pico_printf/printf.c.obj
 .text._out_null
                0x0000000010002ec6        0x2 CMakeFiles/Data_pad.dir/home/antonio/Progetti/picoProjects/pico-sdk/src/rp2_common/pico_printf/printf.c.obj
 .text._out_fct
                0x0000000010002ec8        0xe CMakeFiles/Data_pad.dir/home/antonio/Progetti/picoProjects/pico-sdk/src/rp2_common/pico_printf/printf.c.obj
 .text._atoi    0x0000000010002ed6       0x24 CMakeFiles/Data_pad.dir/home/antonio/Progetti/picoProjects/pico-sdk/src/rp2_common/pico_printf/printf.c.obj
 .text._out_rev
                0x0000000010002efa       0xae CMakeFiles/Data_pad.dir/home/antonio/Progetti/picoProjects/pico-sdk/src/rp2_common/pico_printf/printf.c.obj
 .text._ntoa_format
                0x0000000010002fa8      0x112 CMakeFiles/Data_pad.dir/home/antonio/Progetti/picoProjects/pico-sdk/src/rp2_common/pico_printf/printf.c.obj
 .text._ntoa_long
                0x00000000100030ba       0xbc CMakeFiles/Data_pad.dir/home/antonio/Progetti/picoProjects/pico-sdk/src/rp2_common/pico_printf/printf.c.obj
 .text._ntoa_long_long
                0x0000000010003176       0xe2 CMakeFiles/Data_pad.dir/home/antonio/Progetti/picoProjects/pico-sdk/src/rp2_common/pico_printf/printf.c.obj
 .text._etoa    0x0000000010003258      0x414 CMakeFiles/Data_pad.dir/home/antonio/Progetti/picoProjects/pico-sdk/src/rp2_common/pico_printf/printf.c.obj
 .text._ftoa    0x000000001000366c      0x354 CMakeFiles/Data_pad.dir/home/antonio/Progetti/picoProjects/pico-sdk/src/rp2_common/pico_printf/printf.c.obj
 .text._vsnprintf
                0x00000000100039c0      0x624 CMakeFiles/Data_pad.dir/home/antonio/Progetti/picoProjects/pico-sdk/src/rp2_common/pico_printf/printf.c.obj
 .text.__wrap_sprintf
                0x0000000010003fe4       0x28 CMakeFiles/Data_pad.dir/home/antonio/Progetti/picoProjects/pico-sdk/src/rp2_common/pico_printf/printf.c.obj
                0x0000000010003fe4                __wrap_sprintf
 .text.vfctprintf
                0x000000001000400c       0x20 CMakeFiles/Data_pad.dir/home/antonio/Progetti/picoProjects/pico-sdk/src/rp2_common/pico_printf/printf.c.obj
                0x000000001000400c                vfctprintf
 .text          0x000000001000402c       0x10 CMakeFiles/Data_pad.dir/home/antonio/Progetti/picoProjects/pico-sdk/src/rp2_common/pico_bit_ops/bit_ops_aeabi.S.obj
 .text.rom_func_lookup
                0x000000001000403c       0x10 CMakeFiles/Data_pad.dir/home/antonio/Progetti/picoProjects/pico-sdk/src/rp2_common/pico_bootrom/bootrom.c.obj
                0x000000001000403c                rom_func_lookup
 .text.rom_data_lookup
                0x000000001000404c       0x10 CMakeFiles/Data_pad.dir/home/antonio/Progetti/picoProjects/pico-sdk/src/rp2_common/pico_bootrom/bootrom.c.obj
                0x000000001000404c                rom_data_lookup
 .text.rom_funcs_lookup
                0x000000001000405c       0x36 CMakeFiles/Data_pad.dir/home/antonio/Progetti/picoProjects/pico-sdk/src/rp2_common/pico_bootrom/bootrom.c.obj
                0x000000001000405c                rom_funcs_lookup
 *fill*         0x0000000010004092        0x2 
 .text.__wrap___aeabi_idiv
                0x0000000010004094       0x58 CMakeFiles/Data_pad.dir/home/antonio/Progetti/picoProjects/pico-sdk/src/rp2_common/pico_divider/divider.S.obj
                0x0000000010004094                __wrap___aeabi_idivmod
                0x0000000010004094                divmod_s32s32
                0x0000000010004094                div_s32s32
                0x0000000010004094                __wrap___aeabi_idiv
                0x000000001000409c                divmod_s32s32_unsafe
                0x00000000100040c8                divmod_s32s32_savestate
 .text.__wrap___aeabi_uidiv
                0x00000000100040ec       0x54 CMakeFiles/Data_pad.dir/home/antonio/Progetti/picoProjects/pico-sdk/src/rp2_common/pico_divider/divider.S.obj
                0x00000000100040ec                __wrap___aeabi_uidiv
                0x00000000100040ec                __wrap___aeabi_uidivmod
                0x00000000100040ec                div_u32u32
                0x00000000100040ec                divmod_u32u32
                0x00000000100040f4                divmod_u32u32_unsafe
                0x000000001000411c                divmod_u32u32_savestate
 .text.__wrap___aeabi_ldiv
                0x0000000010004140      0x430 CMakeFiles/Data_pad.dir/home/antonio/Progetti/picoProjects/pico-sdk/src/rp2_common/pico_divider/divider.S.obj
                0x0000000010004140                div_s64s64
                0x0000000010004140                divmod_s64s64
                0x0000000010004140                __wrap___aeabi_ldivmod
                0x0000000010004178                div_u64u64
                0x0000000010004178                divmod_u64u64
                0x0000000010004178                __wrap___aeabi_uldivmod
                0x0000000010004188                divmod_u64u64_savestate
                0x00000000100041b0                divmod_s64s64_unsafe
                0x0000000010004238                divmod_u64u64_unsafe
 .text.__wrap___aeabi_darithmetic
                0x0000000010004570       0x54 CMakeFiles/Data_pad.dir/home/antonio/Progetti/picoProjects/pico-sdk/src/rp2_common/pico_double/double_aeabi.S.obj
                0x0000000010004570                __wrap___aeabi_drsub
                0x0000000010004576                __wrap___aeabi_dsub
                0x0000000010004588                __wrap___aeabi_dadd
                0x000000001000459a                __wrap___aeabi_ddiv
                0x00000000100045ac                __wrap___aeabi_dmul
 .text.__wrap___aeabi_cdcmple
                0x00000000100045c4       0x6c CMakeFiles/Data_pad.dir/home/antonio/Progetti/picoProjects/pico-sdk/src/rp2_common/pico_double/double_aeabi.S.obj
                0x00000000100045c4                __wrap___aeabi_cdrcmple
                0x00000000100045d4                __wrap___aeabi_cdcmple
                0x00000000100045d4                __wrap___aeabi_cdcmpeq
 .text.__wrap___aeabi_dcmplt
                0x0000000010004630        0xc CMakeFiles/Data_pad.dir/home/antonio/Progetti/picoProjects/pico-sdk/src/rp2_common/pico_double/double_aeabi.S.obj
                0x0000000010004630                __wrap___aeabi_dcmplt
 .text.__wrap___aeabi_dcmple
                0x000000001000463c       0x10 CMakeFiles/Data_pad.dir/home/antonio/Progetti/picoProjects/pico-sdk/src/rp2_common/pico_double/double_aeabi.S.obj
                0x000000001000463c                __wrap___aeabi_dcmple
 .text.__wrap___aeabi_dcmpge
                0x000000001000464c       0x10 CMakeFiles/Data_pad.dir/home/antonio/Progetti/picoProjects/pico-sdk/src/rp2_common/pico_double/double_aeabi.S.obj
                0x000000001000464c                __wrap___aeabi_dcmpge
 .text.__wrap___aeabi_dcmpgt
                0x000000001000465c        0xa CMakeFiles/Data_pad.dir/home/antonio/Progetti/picoProjects/pico-sdk/src/rp2_common/pico_double/double_aeabi.S.obj
                0x000000001000465c                __wrap___aeabi_dcmpgt
 .text.__wrap___aeabi_dcmpun
                0x0000000010004666       0x1c CMakeFiles/Data_pad.dir/home/antonio/Progetti/picoProjects/pico-sdk/src/rp2_common/pico_double/double_aeabi.S.obj
                0x0000000010004666                __wrap___aeabi_dcmpun
 *fill*         0x0000000010004682        0x2 
 .text.__wrap___aeabi_i2d
                0x0000000010004684       0x38 CMakeFiles/Data_pad.dir/home/antonio/Progetti/picoProjects/pico-sdk/src/rp2_common/pico_double/double_aeabi.S.obj
                0x0000000010004684                __wrap___aeabi_ui2d
                0x000000001000468c                __wrap___aeabi_i2d
 .text.__wrap___aeabi_d2iz
                0x00000000100046bc       0x48 CMakeFiles/Data_pad.dir/home/antonio/Progetti/picoProjects/pico-sdk/src/rp2_common/pico_double/double_aeabi.S.obj
                0x00000000100046bc                __wrap___aeabi_d2iz
                0x00000000100046bc                double2int_z
 .text.__wrap___aeabi_d2uiz
                0x0000000010004704       0x18 CMakeFiles/Data_pad.dir/home/antonio/Progetti/picoProjects/pico-sdk/src/rp2_common/pico_double/double_aeabi.S.obj
                0x0000000010004704                double2uint
                0x0000000010004704                __wrap___aeabi_d2uiz
 .text.__aeabi_double_init
                0x000000001000471c       0xb8 CMakeFiles/Data_pad.dir/home/antonio/Progetti/picoProjects/pico-sdk/src/rp2_common/pico_double/double_init_rom.c.obj
                0x000000001000471c                __aeabi_double_init
 .text.double_table_shim_on_use_helper
                0x00000000100047d4       0x34 CMakeFiles/Data_pad.dir/home/antonio/Progetti/picoProjects/pico-sdk/src/rp2_common/pico_double/double_v1_rom_shim.S.obj
                0x00000000100047d4                double_table_shim_on_use_helper
 .text.__wrap___aeabi_dsub
                0x0000000010004808       0x10 CMakeFiles/Data_pad.dir/home/antonio/Progetti/picoProjects/pico-sdk/src/rp2_common/pico_double/double_v1_rom_shim.S.obj
                0x0000000010004808                drsub_shim
                0x000000001000480e                dsub_shim
 .text.dadd_shim
                0x0000000010004818      0x15c CMakeFiles/Data_pad.dir/home/antonio/Progetti/picoProjects/pico-sdk/src/rp2_common/pico_double/double_v1_rom_shim.S.obj
                0x0000000010004818                dadd_shim
 .text.dmul_shim
                0x0000000010004974      0x15c CMakeFiles/Data_pad.dir/home/antonio/Progetti/picoProjects/pico-sdk/src/rp2_common/pico_double/double_v1_rom_shim.S.obj
                0x0000000010004974                dmul_shim
 .text.ddiv_shim
                0x0000000010004ad0      0x1b0 CMakeFiles/Data_pad.dir/home/antonio/Progetti/picoProjects/pico-sdk/src/rp2_common/pico_double/double_v1_rom_shim.S.obj
                0x0000000010004ad0                ddiv_shim
 .text.dcordic_rot_step
                0x0000000010004c80       0x7c CMakeFiles/Data_pad.dir/home/antonio/Progetti/picoProjects/pico-sdk/src/rp2_common/pico_double/double_v1_rom_shim.S.obj
                0x0000000010004c80                dcordic_rot_step
 .text.double2uint_shim
                0x0000000010004cfc        0xe CMakeFiles/Data_pad.dir/home/antonio/Progetti/picoProjects/pico-sdk/src/rp2_common/pico_double/double_v1_rom_shim.S.obj
                0x0000000010004cfc                double2uint_shim
                0x0000000010004cfe                double2ufix_shim
 *fill*         0x0000000010004d0a        0x2 
 .text.double2uint64_shim
                0x0000000010004d0c       0x6c CMakeFiles/Data_pad.dir/home/antonio/Progetti/picoProjects/pico-sdk/src/rp2_common/pico_double/double_v1_rom_shim.S.obj
                0x0000000010004d0c                double2uint64_shim
                0x0000000010004d0e                double2ufix64_shim
                0x0000000010004d28                d2fix_a
 .text.dunpacks
                0x0000000010004d78       0x3c CMakeFiles/Data_pad.dir/home/antonio/Progetti/picoProjects/pico-sdk/src/rp2_common/pico_double/double_v1_rom_shim.S.obj
                0x0000000010004d78                dunpacks
 .text.__aeabi_lmul
                0x0000000010004db4       0x32 CMakeFiles/Data_pad.dir/home/antonio/Progetti/picoProjects/pico-sdk/src/rp2_common/pico_int64_ops/pico_int64_ops_aeabi.S.obj
                0x0000000010004db4                __wrap___aeabi_lmul
 *fill*         0x0000000010004de6        0x2 
 .text.__wrap___aeabi_farithmetic
                0x0000000010004de8       0x34 CMakeFiles/Data_pad.dir/home/antonio/Progetti/picoProjects/pico-sdk/src/rp2_common/pico_float/float_aeabi.S.obj
                0x0000000010004de8                __wrap___aeabi_frsub
                0x0000000010004dee                __wrap___aeabi_fsub
                0x0000000010004df8                __wrap___aeabi_fadd
                0x0000000010004e02                __wrap___aeabi_fdiv
                0x0000000010004e0c                __wrap___aeabi_fmul
 .text.__wrap___aeabi_ui2f
                0x0000000010004e1c        0xa CMakeFiles/Data_pad.dir/home/antonio/Progetti/picoProjects/pico-sdk/src/rp2_common/pico_float/float_aeabi.S.obj
                0x0000000010004e1c                __wrap___aeabi_ui2f
 *fill*         0x0000000010004e26        0x2 
 .text.__wrap___aeabi_i2f
                0x0000000010004e28       0x44 CMakeFiles/Data_pad.dir/home/antonio/Progetti/picoProjects/pico-sdk/src/rp2_common/pico_float/float_aeabi.S.obj
                0x0000000010004e28                __wrap___aeabi_i2f
 .text.__wrap___aeabi_f2uiz
                0x0000000010004e6c       0x10 CMakeFiles/Data_pad.dir/home/antonio/Progetti/picoProjects/pico-sdk/src/rp2_common/pico_float/float_aeabi.S.obj
                0x0000000010004e6c                __wrap___aeabi_f2uiz
 .text.__aeabi_float_init
                0x0000000010004e7c       0xfc CMakeFiles/Data_pad.dir/home/antonio/Progetti/picoProjects/pico-sdk/src/rp2_common/pico_float/float_init_rom.c.obj
                0x0000000010004e7c                __aeabi_float_init
 .text.float_table_shim_on_use_helper
                0x0000000010004f78       0x34 CMakeFiles/Data_pad.dir/home/antonio/Progetti/picoProjects/pico-sdk/src/rp2_common/pico_float/float_v1_rom_shim.S.obj
                0x0000000010004f78                float_table_shim_on_use_helper
 .text          0x0000000010004fac       0x10 CMakeFiles/Data_pad.dir/home/antonio/Progetti/picoProjects/pico-sdk/src/rp2_common/pico_mem_ops/mem_ops_aeabi.S.obj
                0x0000000010004fac                __aeabi_mem_init
 .text.memset   0x0000000010004fbc        0xc CMakeFiles/Data_pad.dir/home/antonio/Progetti/picoProjects/pico-sdk/src/rp2_common/pico_mem_ops/mem_ops_aeabi.S.obj
                0x0000000010004fbc                __wrap_memset
 .text.memcpy   0x0000000010004fc8        0xc CMakeFiles/Data_pad.dir/home/antonio/Progetti/picoProjects/pico-sdk/src/rp2_common/pico_mem_ops/mem_ops_aeabi.S.obj
                0x0000000010004fc8                __wrap___aeabi_memcpy
                0x0000000010004fc8                __wrap_memcpy
 .text.stdio_out_chars_crlf
                0x0000000010004fd4       0x80 CMakeFiles/Data_pad.dir/home/antonio/Progetti/picoProjects/pico-sdk/src/rp2_common/pico_stdio/stdio.c.obj
 .text.stdio_stack_buffer_flush
                0x0000000010005054       0x44 CMakeFiles/Data_pad.dir/home/antonio/Progetti/picoProjects/pico-sdk/src/rp2_common/pico_stdio/stdio.c.obj
 .text.stdio_buffered_printer
                0x0000000010005098       0x20 CMakeFiles/Data_pad.dir/home/antonio/Progetti/picoProjects/pico-sdk/src/rp2_common/pico_stdio/stdio.c.obj
 .text.stdout_serialize_begin
                0x00000000100050b8       0x2c CMakeFiles/Data_pad.dir/home/antonio/Progetti/picoProjects/pico-sdk/src/rp2_common/pico_stdio/stdio.c.obj
                0x00000000100050b8                stdout_serialize_begin
 .text.stdout_serialize_end
                0x00000000100050e4       0x10 CMakeFiles/Data_pad.dir/home/antonio/Progetti/picoProjects/pico-sdk/src/rp2_common/pico_stdio/stdio.c.obj
                0x00000000100050e4                stdout_serialize_end
 .text.stdio_put_string
                0x00000000100050f4       0x84 CMakeFiles/Data_pad.dir/home/antonio/Progetti/picoProjects/pico-sdk/src/rp2_common/pico_stdio/stdio.c.obj
 .text.__wrap_putchar
                0x0000000010005178       0x1a CMakeFiles/Data_pad.dir/home/antonio/Progetti/picoProjects/pico-sdk/src/rp2_common/pico_stdio/stdio.c.obj
                0x0000000010005178                __wrap_putchar
 *fill*         0x0000000010005192        0x2 
 .text.stdio_set_driver_enabled
                0x0000000010005194       0x38 CMakeFiles/Data_pad.dir/home/antonio/Progetti/picoProjects/pico-sdk/src/rp2_common/pico_stdio/stdio.c.obj
                0x0000000010005194                stdio_set_driver_enabled
 .text.stdio_flush
                0x00000000100051cc       0x20 CMakeFiles/Data_pad.dir/home/antonio/Progetti/picoProjects/pico-sdk/src/rp2_common/pico_stdio/stdio.c.obj
                0x00000000100051cc                stdio_flush
 .text.__wrap_puts
                0x00000000100051ec       0x1c CMakeFiles/Data_pad.dir/home/antonio/Progetti/picoProjects/pico-sdk/src/rp2_common/pico_stdio/stdio.c.obj
                0x00000000100051ec                __wrap_puts
 .text.__wrap_vprintf
                0x0000000010005208       0x44 CMakeFiles/Data_pad.dir/home/antonio/Progetti/picoProjects/pico-sdk/src/rp2_common/pico_stdio/stdio.c.obj
                0x0000000010005208                __wrap_vprintf
 .text.__wrap_printf
                0x000000001000524c       0x18 CMakeFiles/Data_pad.dir/home/antonio/Progetti/picoProjects/pico-sdk/src/rp2_common/pico_stdio/stdio.c.obj
                0x000000001000524c                __wrap_printf
 .text.stdio_init_all
                0x0000000010005264        0x8 CMakeFiles/Data_pad.dir/home/antonio/Progetti/picoProjects/pico-sdk/src/rp2_common/pico_stdio/stdio.c.obj
                0x0000000010005264                stdio_init_all
 .text.resetd_init
                0x000000001000526c        0x2 CMakeFiles/Data_pad.dir/home/antonio/Progetti/picoProjects/pico-sdk/src/rp2_common/pico_stdio_usb/reset_interface.c.obj
 *fill*         0x000000001000526e        0x2 
 .text.resetd_reset
                0x0000000010005270        0xc CMakeFiles/Data_pad.dir/home/antonio/Progetti/picoProjects/pico-sdk/src/rp2_common/pico_stdio_usb/reset_interface.c.obj
 .text.resetd_open
                0x000000001000527c       0x34 CMakeFiles/Data_pad.dir/home/antonio/Progetti/picoProjects/pico-sdk/src/rp2_common/pico_stdio_usb/reset_interface.c.obj
 .text.resetd_control_complete_cb
                0x00000000100052b0        0x4 CMakeFiles/Data_pad.dir/home/antonio/Progetti/picoProjects/pico-sdk/src/rp2_common/pico_stdio_usb/reset_interface.c.obj
 .text.resetd_xfer_cb
                0x00000000100052b4        0x4 CMakeFiles/Data_pad.dir/home/antonio/Progetti/picoProjects/pico-sdk/src/rp2_common/pico_stdio_usb/reset_interface.c.obj
 .text.reset_usb_boot
                0x00000000100052b8       0x18 CMakeFiles/Data_pad.dir/home/antonio/Progetti/picoProjects/pico-sdk/src/rp2_common/pico_stdio_usb/reset_interface.c.obj
 .text.resetd_control_request_cb
                0x00000000100052d0       0x5c CMakeFiles/Data_pad.dir/home/antonio/Progetti/picoProjects/pico-sdk/src/rp2_common/pico_stdio_usb/reset_interface.c.obj
 .text.usbd_app_driver_get_cb
                0x000000001000532c        0xc CMakeFiles/Data_pad.dir/home/antonio/Progetti/picoProjects/pico-sdk/src/rp2_common/pico_stdio_usb/reset_interface.c.obj
                0x000000001000532c                usbd_app_driver_get_cb
 .text.tud_cdc_line_coding_cb
                0x0000000010005338       0x28 CMakeFiles/Data_pad.dir/home/antonio/Progetti/picoProjects/pico-sdk/src/rp2_common/pico_stdio_usb/reset_interface.c.obj
                0x0000000010005338                tud_cdc_line_coding_cb
 .text.stdio_usb_in_chars
                0x0000000010005360       0x70 CMakeFiles/Data_pad.dir/home/antonio/Progetti/picoProjects/pico-sdk/src/rp2_common/pico_stdio_usb/stdio_usb.c.obj
                0x0000000010005360                stdio_usb_in_chars
 .text.low_priority_worker_irq
                0x00000000100053d0       0x20 CMakeFiles/Data_pad.dir/home/antonio/Progetti/picoProjects/pico-sdk/src/rp2_common/pico_stdio_usb/stdio_usb.c.obj
 .text.stdio_usb_out_chars
                0x00000000100053f0       0xd4 CMakeFiles/Data_pad.dir/home/antonio/Progetti/picoProjects/pico-sdk/src/rp2_common/pico_stdio_usb/stdio_usb.c.obj
 .text.timer_task
                0x00000000100054c4       0x10 CMakeFiles/Data_pad.dir/home/antonio/Progetti/picoProjects/pico-sdk/src/rp2_common/pico_stdio_usb/stdio_usb.c.obj
 .text.stdio_usb_init
                0x00000000100054d4       0x90 CMakeFiles/Data_pad.dir/home/antonio/Progetti/picoProjects/pico-sdk/src/rp2_common/pico_stdio_usb/stdio_usb.c.obj
                0x00000000100054d4                stdio_usb_init
 .text.tud_descriptor_device_cb
                0x0000000010005564        0x8 CMakeFiles/Data_pad.dir/home/antonio/Progetti/picoProjects/pico-sdk/src/rp2_common/pico_stdio_usb/stdio_usb_descriptors.c.obj
                0x0000000010005564                tud_descriptor_device_cb
 .text.tud_descriptor_configuration_cb
                0x000000001000556c        0x8 CMakeFiles/Data_pad.dir/home/antonio/Progetti/picoProjects/pico-sdk/src/rp2_common/pico_stdio_usb/stdio_usb_descriptors.c.obj
                0x000000001000556c                tud_descriptor_configuration_cb
 .text.tud_descriptor_string_cb
                0x0000000010005574       0x50 CMakeFiles/Data_pad.dir/home/antonio/Progetti/picoProjects/pico-sdk/src/rp2_common/pico_stdio_usb/stdio_usb_descriptors.c.obj
                0x0000000010005574                tud_descriptor_string_cb
 .text.hw_endpoint_get_by_addr
                0x00000000100055c4       0x1c CMakeFiles/Data_pad.dir/home/antonio/Progetti/picoProjects/pico-sdk/lib/tinyusb/src/portable/raspberrypi/rp2040/dcd_rp2040.c.obj
 .text.reset_ep0
                0x00000000100055e0       0x2c CMakeFiles/Data_pad.dir/home/antonio/Progetti/picoProjects/pico-sdk/lib/tinyusb/src/portable/raspberrypi/rp2040/dcd_rp2040.c.obj
 .text._hw_endpoint_alloc
                0x000000001000560c       0x7c CMakeFiles/Data_pad.dir/home/antonio/Progetti/picoProjects/pico-sdk/lib/tinyusb/src/portable/raspberrypi/rp2040/dcd_rp2040.c.obj
 .text._hw_endpoint_init
                0x0000000010005688       0xbc CMakeFiles/Data_pad.dir/home/antonio/Progetti/picoProjects/pico-sdk/lib/tinyusb/src/portable/raspberrypi/rp2040/dcd_rp2040.c.obj
 .text.hw_endpoint_init
                0x0000000010005744       0x18 CMakeFiles/Data_pad.dir/home/antonio/Progetti/picoProjects/pico-sdk/lib/tinyusb/src/portable/raspberrypi/rp2040/dcd_rp2040.c.obj
 .text.hw_handle_buff_status
                0x000000001000575c       0xb8 CMakeFiles/Data_pad.dir/home/antonio/Progetti/picoProjects/pico-sdk/lib/tinyusb/src/portable/raspberrypi/rp2040/dcd_rp2040.c.obj
 .text.dcd_rp2040_irq
                0x0000000010005814       0x8c CMakeFiles/Data_pad.dir/home/antonio/Progetti/picoProjects/pico-sdk/lib/tinyusb/src/portable/raspberrypi/rp2040/dcd_rp2040.c.obj
 .text.hw_endpoint_xfer
                0x00000000100058a0       0x18 CMakeFiles/Data_pad.dir/home/antonio/Progetti/picoProjects/pico-sdk/lib/tinyusb/src/portable/raspberrypi/rp2040/dcd_rp2040.c.obj
 .text.ep0_0len_status
                0x00000000100058b8       0x14 CMakeFiles/Data_pad.dir/home/antonio/Progetti/picoProjects/pico-sdk/lib/tinyusb/src/portable/raspberrypi/rp2040/dcd_rp2040.c.obj
 .text._hw_endpoint_stall
                0x00000000100058cc       0x54 CMakeFiles/Data_pad.dir/home/antonio/Progetti/picoProjects/pico-sdk/lib/tinyusb/src/portable/raspberrypi/rp2040/dcd_rp2040.c.obj
 .text.hw_endpoint_stall
                0x0000000010005920        0xc CMakeFiles/Data_pad.dir/home/antonio/Progetti/picoProjects/pico-sdk/lib/tinyusb/src/portable/raspberrypi/rp2040/dcd_rp2040.c.obj
 .text._hw_endpoint_clear_stall
                0x000000001000592c       0x34 CMakeFiles/Data_pad.dir/home/antonio/Progetti/picoProjects/pico-sdk/lib/tinyusb/src/portable/raspberrypi/rp2040/dcd_rp2040.c.obj
 .text.hw_endpoint_clear_stall
                0x0000000010005960        0xc CMakeFiles/Data_pad.dir/home/antonio/Progetti/picoProjects/pico-sdk/lib/tinyusb/src/portable/raspberrypi/rp2040/dcd_rp2040.c.obj
 .text.dcd_int_enable
                0x000000001000596c       0x2c CMakeFiles/Data_pad.dir/home/antonio/Progetti/picoProjects/pico-sdk/lib/tinyusb/src/portable/raspberrypi/rp2040/dcd_rp2040.c.obj
                0x000000001000596c                dcd_int_enable
 .text.dcd_set_address
                0x0000000010005998       0x30 CMakeFiles/Data_pad.dir/home/antonio/Progetti/picoProjects/pico-sdk/lib/tinyusb/src/portable/raspberrypi/rp2040/dcd_rp2040.c.obj
                0x0000000010005998                dcd_set_address
 .text.dcd_connect
                0x00000000100059c8       0x30 CMakeFiles/Data_pad.dir/home/antonio/Progetti/picoProjects/pico-sdk/lib/tinyusb/src/portable/raspberrypi/rp2040/dcd_rp2040.c.obj
                0x00000000100059c8                dcd_connect
 .text.dcd_init
                0x00000000100059f8       0x90 CMakeFiles/Data_pad.dir/home/antonio/Progetti/picoProjects/pico-sdk/lib/tinyusb/src/portable/raspberrypi/rp2040/dcd_rp2040.c.obj
                0x00000000100059f8                dcd_init
 .text.dcd_edpt0_status_complete
                0x0000000010005a88       0x44 CMakeFiles/Data_pad.dir/home/antonio/Progetti/picoProjects/pico-sdk/lib/tinyusb/src/portable/raspberrypi/rp2040/dcd_rp2040.c.obj
                0x0000000010005a88                dcd_edpt0_status_complete
 .text.dcd_edpt_open
                0x0000000010005acc       0x40 CMakeFiles/Data_pad.dir/home/antonio/Progetti/picoProjects/pico-sdk/lib/tinyusb/src/portable/raspberrypi/rp2040/dcd_rp2040.c.obj
                0x0000000010005acc                dcd_edpt_open
 .text.dcd_edpt_xfer
                0x0000000010005b0c       0x34 CMakeFiles/Data_pad.dir/home/antonio/Progetti/picoProjects/pico-sdk/lib/tinyusb/src/portable/raspberrypi/rp2040/dcd_rp2040.c.obj
                0x0000000010005b0c                dcd_edpt_xfer
 .text.dcd_edpt_stall
                0x0000000010005b40       0x28 CMakeFiles/Data_pad.dir/home/antonio/Progetti/picoProjects/pico-sdk/lib/tinyusb/src/portable/raspberrypi/rp2040/dcd_rp2040.c.obj
                0x0000000010005b40                dcd_edpt_stall
 .text.dcd_edpt_clear_stall
                0x0000000010005b68       0x28 CMakeFiles/Data_pad.dir/home/antonio/Progetti/picoProjects/pico-sdk/lib/tinyusb/src/portable/raspberrypi/rp2040/dcd_rp2040.c.obj
                0x0000000010005b68                dcd_edpt_clear_stall
 .text.rp2040_usb_init
                0x0000000010005b90       0x50 CMakeFiles/Data_pad.dir/home/antonio/Progetti/picoProjects/pico-sdk/lib/tinyusb/src/portable/raspberrypi/rp2040/rp2040_usb.c.obj
                0x0000000010005b90                rp2040_usb_init
 .text.hw_endpoint_reset_transfer
                0x0000000010005be0       0x14 CMakeFiles/Data_pad.dir/home/antonio/Progetti/picoProjects/pico-sdk/lib/tinyusb/src/portable/raspberrypi/rp2040/rp2040_usb.c.obj
                0x0000000010005be0                hw_endpoint_reset_transfer
 .text._hw_endpoint_buffer_control_update32
                0x0000000010005bf4       0x54 CMakeFiles/Data_pad.dir/home/antonio/Progetti/picoProjects/pico-sdk/lib/tinyusb/src/portable/raspberrypi/rp2040/rp2040_usb.c.obj
                0x0000000010005bf4                _hw_endpoint_buffer_control_update32
 .text._hw_endpoint_start_next_buffer
                0x0000000010005c48       0x5a CMakeFiles/Data_pad.dir/home/antonio/Progetti/picoProjects/pico-sdk/lib/tinyusb/src/portable/raspberrypi/rp2040/rp2040_usb.c.obj
                0x0000000010005c48                _hw_endpoint_start_next_buffer
 .text._hw_endpoint_xfer_start
                0x0000000010005ca2       0x46 CMakeFiles/Data_pad.dir/home/antonio/Progetti/picoProjects/pico-sdk/lib/tinyusb/src/portable/raspberrypi/rp2040/rp2040_usb.c.obj
                0x0000000010005ca2                _hw_endpoint_xfer_start
 .text._hw_endpoint_xfer_sync
                0x0000000010005ce8       0x74 CMakeFiles/Data_pad.dir/home/antonio/Progetti/picoProjects/pico-sdk/lib/tinyusb/src/portable/raspberrypi/rp2040/rp2040_usb.c.obj
                0x0000000010005ce8                _hw_endpoint_xfer_sync
 .text._hw_endpoint_xfer_continue
                0x0000000010005d5c       0x58 CMakeFiles/Data_pad.dir/home/antonio/Progetti/picoProjects/pico-sdk/lib/tinyusb/src/portable/raspberrypi/rp2040/rp2040_usb.c.obj
                0x0000000010005d5c                _hw_endpoint_xfer_continue
 .text._hw_endpoint_xfer
                0x0000000010005db4       0x34 CMakeFiles/Data_pad.dir/home/antonio/Progetti/picoProjects/pico-sdk/lib/tinyusb/src/portable/raspberrypi/rp2040/rp2040_usb.c.obj
                0x0000000010005db4                _hw_endpoint_xfer
 .text.mark_interface_endpoint
                0x0000000010005de8       0x2a CMakeFiles/Data_pad.dir/home/antonio/Progetti/picoProjects/pico-sdk/lib/tinyusb/src/device/usbd.c.obj
 *fill*         0x0000000010005e12        0x2 
 .text.usbd_reset
                0x0000000010005e14       0x88 CMakeFiles/Data_pad.dir/home/antonio/Progetti/picoProjects/pico-sdk/lib/tinyusb/src/device/usbd.c.obj
 .text.invoke_class_control
                0x0000000010005e9c       0x18 CMakeFiles/Data_pad.dir/home/antonio/Progetti/picoProjects/pico-sdk/lib/tinyusb/src/device/usbd.c.obj
 .text.process_set_config
                0x0000000010005eb4      0x1d0 CMakeFiles/Data_pad.dir/home/antonio/Progetti/picoProjects/pico-sdk/lib/tinyusb/src/device/usbd.c.obj
 .text.process_get_descriptor
                0x0000000010006084       0xf4 CMakeFiles/Data_pad.dir/home/antonio/Progetti/picoProjects/pico-sdk/lib/tinyusb/src/device/usbd.c.obj
 .text.tud_mounted
                0x0000000010006178       0x10 CMakeFiles/Data_pad.dir/home/antonio/Progetti/picoProjects/pico-sdk/lib/tinyusb/src/device/usbd.c.obj
                0x0000000010006178                tud_mounted
 .text.tud_suspended
                0x0000000010006188       0x10 CMakeFiles/Data_pad.dir/home/antonio/Progetti/picoProjects/pico-sdk/lib/tinyusb/src/device/usbd.c.obj
                0x0000000010006188                tud_suspended
 .text.tud_init
                0x0000000010006198       0xb8 CMakeFiles/Data_pad.dir/home/antonio/Progetti/picoProjects/pico-sdk/lib/tinyusb/src/device/usbd.c.obj
                0x0000000010006198                tud_init
 .text.dcd_event_handler
                0x0000000010006250      0x1c4 CMakeFiles/Data_pad.dir/home/antonio/Progetti/picoProjects/pico-sdk/lib/tinyusb/src/device/usbd.c.obj
                0x0000000010006250                dcd_event_handler
 .text.dcd_event_bus_signal
                0x0000000010006414       0x26 CMakeFiles/Data_pad.dir/home/antonio/Progetti/picoProjects/pico-sdk/lib/tinyusb/src/device/usbd.c.obj
                0x0000000010006414                dcd_event_bus_signal
 .text.dcd_event_setup_received
                0x000000001000643a       0x34 CMakeFiles/Data_pad.dir/home/antonio/Progetti/picoProjects/pico-sdk/lib/tinyusb/src/device/usbd.c.obj
                0x000000001000643a                dcd_event_setup_received
 .text.dcd_event_xfer_complete
                0x000000001000646e       0x44 CMakeFiles/Data_pad.dir/home/antonio/Progetti/picoProjects/pico-sdk/lib/tinyusb/src/device/usbd.c.obj
                0x000000001000646e                dcd_event_xfer_complete
 .text.usbd_edpt_open
                0x00000000100064b2        0x8 CMakeFiles/Data_pad.dir/home/antonio/Progetti/picoProjects/pico-sdk/lib/tinyusb/src/device/usbd.c.obj
                0x00000000100064b2                usbd_edpt_open
 *fill*         0x00000000100064ba        0x2 
 .text.usbd_open_edpt_pair
                0x00000000100064bc       0x8c CMakeFiles/Data_pad.dir/home/antonio/Progetti/picoProjects/pico-sdk/lib/tinyusb/src/device/usbd.c.obj
                0x00000000100064bc                usbd_open_edpt_pair
 .text.usbd_edpt_claim
                0x0000000010006548       0x8c CMakeFiles/Data_pad.dir/home/antonio/Progetti/picoProjects/pico-sdk/lib/tinyusb/src/device/usbd.c.obj
                0x0000000010006548                usbd_edpt_claim
 .text.usbd_edpt_release
                0x00000000100065d4       0x68 CMakeFiles/Data_pad.dir/home/antonio/Progetti/picoProjects/pico-sdk/lib/tinyusb/src/device/usbd.c.obj
                0x00000000100065d4                usbd_edpt_release
 .text.usbd_edpt_xfer
                0x000000001000663c       0x80 CMakeFiles/Data_pad.dir/home/antonio/Progetti/picoProjects/pico-sdk/lib/tinyusb/src/device/usbd.c.obj
                0x000000001000663c                usbd_edpt_xfer
 .text.usbd_edpt_stall
                0x00000000100066bc       0x2c CMakeFiles/Data_pad.dir/home/antonio/Progetti/picoProjects/pico-sdk/lib/tinyusb/src/device/usbd.c.obj
                0x00000000100066bc                usbd_edpt_stall
 .text.usbd_edpt_clear_stall
                0x00000000100066e8       0x2c CMakeFiles/Data_pad.dir/home/antonio/Progetti/picoProjects/pico-sdk/lib/tinyusb/src/device/usbd.c.obj
                0x00000000100066e8                usbd_edpt_clear_stall
 .text.usbd_edpt_stalled
                0x0000000010006714       0x1c CMakeFiles/Data_pad.dir/home/antonio/Progetti/picoProjects/pico-sdk/lib/tinyusb/src/device/usbd.c.obj
                0x0000000010006714                usbd_edpt_stalled
 .text.process_control_request
                0x0000000010006730      0x37c CMakeFiles/Data_pad.dir/home/antonio/Progetti/picoProjects/pico-sdk/lib/tinyusb/src/device/usbd.c.obj
 .text.tud_task
                0x0000000010006aac      0x204 CMakeFiles/Data_pad.dir/home/antonio/Progetti/picoProjects/pico-sdk/lib/tinyusb/src/device/usbd.c.obj
                0x0000000010006aac                tud_task
 .text._data_stage_xact
                0x0000000010006cb0       0x58 CMakeFiles/Data_pad.dir/home/antonio/Progetti/picoProjects/pico-sdk/lib/tinyusb/src/device/usbd_control.c.obj
 .text.tud_control_status
                0x0000000010006d08       0x38 CMakeFiles/Data_pad.dir/home/antonio/Progetti/picoProjects/pico-sdk/lib/tinyusb/src/device/usbd_control.c.obj
                0x0000000010006d08                tud_control_status
 .text.tud_control_xfer
                0x0000000010006d40       0xa8 CMakeFiles/Data_pad.dir/home/antonio/Progetti/picoProjects/pico-sdk/lib/tinyusb/src/device/usbd_control.c.obj
                0x0000000010006d40                tud_control_xfer
 .text.usbd_control_reset
                0x0000000010006de8       0x14 CMakeFiles/Data_pad.dir/home/antonio/Progetti/picoProjects/pico-sdk/lib/tinyusb/src/device/usbd_control.c.obj
                0x0000000010006de8                usbd_control_reset
 .text.usbd_control_set_complete_callback
                0x0000000010006dfc        0xc CMakeFiles/Data_pad.dir/home/antonio/Progetti/picoProjects/pico-sdk/lib/tinyusb/src/device/usbd_control.c.obj
                0x0000000010006dfc                usbd_control_set_complete_callback
 .text.usbd_control_set_request
                0x0000000010006e08       0x1c CMakeFiles/Data_pad.dir/home/antonio/Progetti/picoProjects/pico-sdk/lib/tinyusb/src/device/usbd_control.c.obj
                0x0000000010006e08                usbd_control_set_request
 .text.usbd_control_xfer_cb
                0x0000000010006e24       0xe8 CMakeFiles/Data_pad.dir/home/antonio/Progetti/picoProjects/pico-sdk/lib/tinyusb/src/device/usbd_control.c.obj
                0x0000000010006e24                usbd_control_xfer_cb
 .text._prep_out_transaction
                0x0000000010006f0c       0x46 CMakeFiles/Data_pad.dir/home/antonio/Progetti/picoProjects/pico-sdk/lib/tinyusb/src/class/cdc/cdc_device.c.obj
 *fill*         0x0000000010006f52        0x2 
 .text.tud_cdc_n_connected
                0x0000000010006f54       0x48 CMakeFiles/Data_pad.dir/home/antonio/Progetti/picoProjects/pico-sdk/lib/tinyusb/src/class/cdc/cdc_device.c.obj
                0x0000000010006f54                tud_cdc_n_connected
 .text.tud_cdc_n_available
                0x0000000010006f9c       0x20 CMakeFiles/Data_pad.dir/home/antonio/Progetti/picoProjects/pico-sdk/lib/tinyusb/src/class/cdc/cdc_device.c.obj
                0x0000000010006f9c                tud_cdc_n_available
 .text.tud_cdc_n_read
                0x0000000010006fbc       0x30 CMakeFiles/Data_pad.dir/home/antonio/Progetti/picoProjects/pico-sdk/lib/tinyusb/src/class/cdc/cdc_device.c.obj
                0x0000000010006fbc                tud_cdc_n_read
 .text.tud_cdc_n_write_flush
                0x0000000010006fec       0xc4 CMakeFiles/Data_pad.dir/home/antonio/Progetti/picoProjects/pico-sdk/lib/tinyusb/src/class/cdc/cdc_device.c.obj
                0x0000000010006fec                tud_cdc_n_write_flush
 .text.tud_cdc_n_write
                0x00000000100070b0       0x38 CMakeFiles/Data_pad.dir/home/antonio/Progetti/picoProjects/pico-sdk/lib/tinyusb/src/class/cdc/cdc_device.c.obj
                0x00000000100070b0                tud_cdc_n_write
 .text.tud_cdc_n_write_available
                0x00000000100070e8       0x20 CMakeFiles/Data_pad.dir/home/antonio/Progetti/picoProjects/pico-sdk/lib/tinyusb/src/class/cdc/cdc_device.c.obj
                0x00000000100070e8                tud_cdc_n_write_available
 .text.cdcd_init
                0x0000000010007108       0xdc CMakeFiles/Data_pad.dir/home/antonio/Progetti/picoProjects/pico-sdk/lib/tinyusb/src/class/cdc/cdc_device.c.obj
                0x0000000010007108                cdcd_init
 .text.cdcd_reset
                0x00000000100071e4       0x44 CMakeFiles/Data_pad.dir/home/antonio/Progetti/picoProjects/pico-sdk/lib/tinyusb/src/class/cdc/cdc_device.c.obj
                0x00000000100071e4                cdcd_reset
 .text.cdcd_open
                0x0000000010007228      0x118 CMakeFiles/Data_pad.dir/home/antonio/Progetti/picoProjects/pico-sdk/lib/tinyusb/src/class/cdc/cdc_device.c.obj
                0x0000000010007228                cdcd_open
 .text.cdcd_control_complete
                0x0000000010007340       0x60 CMakeFiles/Data_pad.dir/home/antonio/Progetti/picoProjects/pico-sdk/lib/tinyusb/src/class/cdc/cdc_device.c.obj
                0x0000000010007340                cdcd_control_complete
 .text.cdcd_control_request
                0x00000000100073a0       0x9c CMakeFiles/Data_pad.dir/home/antonio/Progetti/picoProjects/pico-sdk/lib/tinyusb/src/class/cdc/cdc_device.c.obj
                0x00000000100073a0                cdcd_control_request
 .text.cdcd_xfer_cb
                0x000000001000743c      0x130 CMakeFiles/Data_pad.dir/home/antonio/Progetti/picoProjects/pico-sdk/lib/tinyusb/src/class/cdc/cdc_device.c.obj
                0x000000001000743c                cdcd_xfer_cb
 .text.tusb_init
                0x000000001000756c       0x38 CMakeFiles/Data_pad.dir/home/antonio/Progetti/picoProjects/pico-sdk/lib/tinyusb/src/tusb.c.obj
                0x000000001000756c                tusb_init
 .text.tusb_inited
                0x00000000100075a4        0xc CMakeFiles/Data_pad.dir/home/antonio/Progetti/picoProjects/pico-sdk/lib/tinyusb/src/tusb.c.obj
                0x00000000100075a4                tusb_inited
 .text.advance_pointer
                0x00000000100075b0       0x1e CMakeFiles/Data_pad.dir/home/antonio/Progetti/picoProjects/pico-sdk/lib/tinyusb/src/common/tusb_fifo.c.obj
 .text.backward_pointer
                0x00000000100075ce       0x1a CMakeFiles/Data_pad.dir/home/antonio/Progetti/picoProjects/pico-sdk/lib/tinyusb/src/common/tusb_fifo.c.obj
 .text.get_relative_pointer
                0x00000000100075e8       0x16 CMakeFiles/Data_pad.dir/home/antonio/Progetti/picoProjects/pico-sdk/lib/tinyusb/src/common/tusb_fifo.c.obj
 .text.tu_fifo_lock
                0x00000000100075fe       0x12 CMakeFiles/Data_pad.dir/home/antonio/Progetti/picoProjects/pico-sdk/lib/tinyusb/src/common/tusb_fifo.c.obj
 .text.tu_fifo_unlock
                0x0000000010007610        0xe CMakeFiles/Data_pad.dir/home/antonio/Progetti/picoProjects/pico-sdk/lib/tinyusb/src/common/tusb_fifo.c.obj
 .text._tu_fifo_peek_at
                0x000000001000761e       0x66 CMakeFiles/Data_pad.dir/home/antonio/Progetti/picoProjects/pico-sdk/lib/tinyusb/src/common/tusb_fifo.c.obj
 .text._ff_pull_n
                0x0000000010007684       0x4a CMakeFiles/Data_pad.dir/home/antonio/Progetti/picoProjects/pico-sdk/lib/tinyusb/src/common/tusb_fifo.c.obj
 .text._tu_fifo_peek_at_n
                0x00000000100076ce       0x72 CMakeFiles/Data_pad.dir/home/antonio/Progetti/picoProjects/pico-sdk/lib/tinyusb/src/common/tusb_fifo.c.obj
 .text._ff_push_n
                0x0000000010007740       0x4a CMakeFiles/Data_pad.dir/home/antonio/Progetti/picoProjects/pico-sdk/lib/tinyusb/src/common/tusb_fifo.c.obj
 .text.tu_fifo_config
                0x000000001000778a       0x48 CMakeFiles/Data_pad.dir/home/antonio/Progetti/picoProjects/pico-sdk/lib/tinyusb/src/common/tusb_fifo.c.obj
                0x000000001000778a                tu_fifo_config
 .text.tu_fifo_count
                0x00000000100077d2       0x1c CMakeFiles/Data_pad.dir/home/antonio/Progetti/picoProjects/pico-sdk/lib/tinyusb/src/common/tusb_fifo.c.obj
                0x00000000100077d2                tu_fifo_count
 .text.tu_fifo_remaining
                0x00000000100077ee       0x20 CMakeFiles/Data_pad.dir/home/antonio/Progetti/picoProjects/pico-sdk/lib/tinyusb/src/common/tusb_fifo.c.obj
                0x00000000100077ee                tu_fifo_remaining
 .text.tu_fifo_read
                0x000000001000780e       0x3a CMakeFiles/Data_pad.dir/home/antonio/Progetti/picoProjects/pico-sdk/lib/tinyusb/src/common/tusb_fifo.c.obj
                0x000000001000780e                tu_fifo_read
 .text.tu_fifo_read_n
                0x0000000010007848       0x3e CMakeFiles/Data_pad.dir/home/antonio/Progetti/picoProjects/pico-sdk/lib/tinyusb/src/common/tusb_fifo.c.obj
                0x0000000010007848                tu_fifo_read_n
 .text.tu_fifo_write
                0x0000000010007886       0x5c CMakeFiles/Data_pad.dir/home/antonio/Progetti/picoProjects/pico-sdk/lib/tinyusb/src/common/tusb_fifo.c.obj
                0x0000000010007886                tu_fifo_write
 .text.tu_fifo_write_n
                0x00000000100078e2       0x7c CMakeFiles/Data_pad.dir/home/antonio/Progetti/picoProjects/pico-sdk/lib/tinyusb/src/common/tusb_fifo.c.obj
                0x00000000100078e2                tu_fifo_write_n
 .text.tu_fifo_clear
                0x000000001000795e       0x18 CMakeFiles/Data_pad.dir/home/antonio/Progetti/picoProjects/pico-sdk/lib/tinyusb/src/common/tusb_fifo.c.obj
                0x000000001000795e                tu_fifo_clear
 .text.core1_trampoline
                0x0000000010007976        0x2 CMakeFiles/Data_pad.dir/home/antonio/Progetti/picoProjects/pico-sdk/src/rp2_common/pico_multicore/multicore.c.obj
 .text.core1_wrapper
                0x0000000010007978        0xc CMakeFiles/Data_pad.dir/home/antonio/Progetti/picoProjects/pico-sdk/src/rp2_common/pico_multicore/multicore.c.obj
                0x0000000010007978                core1_wrapper
 .text.multicore_fifo_push_blocking
                0x0000000010007984       0x14 CMakeFiles/Data_pad.dir/home/antonio/Progetti/picoProjects/pico-sdk/src/rp2_common/pico_multicore/multicore.c.obj
                0x0000000010007984                multicore_fifo_push_blocking
 .text.multicore_fifo_pop_blocking
                0x0000000010007998       0x16 CMakeFiles/Data_pad.dir/home/antonio/Progetti/picoProjects/pico-sdk/src/rp2_common/pico_multicore/multicore.c.obj
                0x0000000010007998                multicore_fifo_pop_blocking
 .text.multicore_launch_core1_raw
                0x00000000100079ae       0x50 CMakeFiles/Data_pad.dir/home/antonio/Progetti/picoProjects/pico-sdk/src/rp2_common/pico_multicore/multicore.c.obj
                0x00000000100079ae                multicore_launch_core1_raw
 *fill*         0x00000000100079fe        0x2 
 .text.multicore_launch_core1_with_stack
                0x0000000010007a00       0x50 CMakeFiles/Data_pad.dir/home/antonio/Progetti/picoProjects/pico-sdk/src/rp2_common/pico_multicore/multicore.c.obj
                0x0000000010007a00                multicore_launch_core1_with_stack
 .text.multicore_launch_core1
                0x0000000010007a50       0x24 CMakeFiles/Data_pad.dir/home/antonio/Progetti/picoProjects/pico-sdk/src/rp2_common/pico_multicore/multicore.c.obj
                0x0000000010007a50                multicore_launch_core1
 .text.adc_init
                0x0000000010007a74       0x34 CMakeFiles/Data_pad.dir/home/antonio/Progetti/picoProjects/pico-sdk/src/rp2_common/hardware_adc/adc.c.obj
                0x0000000010007a74                adc_init
 .text._pio_can_add_program_at_offset
                0x0000000010007aa8       0x3c CMakeFiles/Data_pad.dir/home/antonio/Progetti/picoProjects/pico-sdk/src/rp2_common/hardware_pio/pio.c.obj
 .text._pio_find_offset_for_program
                0x0000000010007ae4       0x7c CMakeFiles/Data_pad.dir/home/antonio/Progetti/picoProjects/pico-sdk/src/rp2_common/hardware_pio/pio.c.obj
 .text._pio_add_program_at_offset
                0x0000000010007b60       0x78 CMakeFiles/Data_pad.dir/home/antonio/Progetti/picoProjects/pico-sdk/src/rp2_common/hardware_pio/pio.c.obj
 .text.pio_add_program
                0x0000000010007bd8       0x38 CMakeFiles/Data_pad.dir/home/antonio/Progetti/picoProjects/pico-sdk/src/rp2_common/hardware_pio/pio.c.obj
                0x0000000010007bd8                pio_add_program
 .text.pio_sm_set_consecutive_pindirs
                0x0000000010007c10       0x70 CMakeFiles/Data_pad.dir/home/antonio/Progetti/picoProjects/pico-sdk/src/rp2_common/hardware_pio/pio.c.obj
                0x0000000010007c10                pio_sm_set_consecutive_pindirs
 .text.pio_sm_init
                0x0000000010007c80       0xe4 CMakeFiles/Data_pad.dir/home/antonio/Progetti/picoProjects/pico-sdk/src/rp2_common/hardware_pio/pio.c.obj
                0x0000000010007c80                pio_sm_init
 .text.i2c_write_blocking_internal
                0x0000000010007d64       0xfa CMakeFiles/Data_pad.dir/home/antonio/Progetti/picoProjects/pico-sdk/src/rp2_common/hardware_i2c/i2c.c.obj
 .text.i2c_set_baudrate
                0x0000000010007e5e       0x68 CMakeFiles/Data_pad.dir/home/antonio/Progetti/picoProjects/pico-sdk/src/rp2_common/hardware_i2c/i2c.c.obj
                0x0000000010007e5e                i2c_set_baudrate
 *fill*         0x0000000010007ec6        0x2 
 .text.i2c_init
                0x0000000010007ec8       0x54 CMakeFiles/Data_pad.dir/home/antonio/Progetti/picoProjects/pico-sdk/src/rp2_common/hardware_i2c/i2c.c.obj
                0x0000000010007ec8                i2c_init
 .text.i2c_write_blocking
                0x0000000010007f1c       0x18 CMakeFiles/Data_pad.dir/home/antonio/Progetti/picoProjects/pico-sdk/src/rp2_common/hardware_i2c/i2c.c.obj
                0x0000000010007f1c                i2c_write_blocking
 .text.atexit   0x0000000010007f34       0x10 /usr/lib/gcc/arm-none-eabi/10.3.0/../../../../arm-none-eabi/lib/thumb/v6-m/nofp/libg.a(lib_a-atexit.o)
                0x0000000010007f34                atexit
 .text.__libc_fini_array
                0x0000000010007f44       0x28 /usr/lib/gcc/arm-none-eabi/10.3.0/../../../../arm-none-eabi/lib/thumb/v6-m/nofp/libg.a(lib_a-fini.o)
                0x0000000010007f44                __libc_fini_array
 .text.strlen   0x0000000010007f6c       0x5c /usr/lib/gcc/arm-none-eabi/10.3.0/../../../../arm-none-eabi/lib/thumb/v6-m/nofp/libg.a(lib_a-strlen-stub.o)
                0x0000000010007f6c                strlen
 .text.__register_exitproc
                0x0000000010007fc8       0xb0 /usr/lib/gcc/arm-none-eabi/10.3.0/../../../../arm-none-eabi/lib/thumb/v6-m/nofp/libg.a(lib_a-__atexit.o)
                0x0000000010007fc8                __register_exitproc
 .text.startup.register_fini
                0x0000000010008078       0x18 /usr/lib/gcc/arm-none-eabi/10.3.0/../../../../arm-none-eabi/lib/thumb/v6-m/nofp/libg.a(lib_a-__call_atexit.o)
 .text.__retarget_lock_acquire_recursive
                0x0000000010008090        0x4 /usr/lib/gcc/arm-none-eabi/10.3.0/../../../../arm-none-eabi/lib/thumb/v6-m/nofp/libg.a(lib_a-lock.o)
                0x0000000010008090                __retarget_lock_acquire_recursive
 .text.__retarget_lock_release_recursive
                0x0000000010008094        0x4 /usr/lib/gcc/arm-none-eabi/10.3.0/../../../../arm-none-eabi/lib/thumb/v6-m/nofp/libg.a(lib_a-lock.o)
                0x0000000010008094                __retarget_lock_release_recursive
 *(.fini)
 .fini          0x0000000010008098        0x4 /usr/lib/gcc/arm-none-eabi/10.3.0/thumb/v6-m/nofp/crti.o
                0x0000000010008098                _fini
 *fill*         0x000000001000809c        0x4 
 .fini.__stub   0x00000000100080a0       0x60 linker stubs
 *crtbegin.o(.ctors)
 *crtbegin?.o(.ctors)
 *(EXCLUDE_FILE(*crtend.o *crtend?.o) .ctors)
 *(SORT_BY_NAME(.ctors.*))
 *(.ctors)
 *crtbegin.o(.dtors)
 *crtbegin?.o(.dtors)
 *(EXCLUDE_FILE(*crtend.o *crtend?.o) .dtors)
 *(SORT_BY_NAME(.dtors.*))
 *(.dtors)
 *(.eh_frame*)
 .eh_frame      0x0000000010008100        0x0 /usr/lib/gcc/arm-none-eabi/10.3.0/thumb/v6-m/nofp/crtbegin.o
                0x0000000010008100                . = ALIGN (0x4)

.glue_7         0x0000000010008100        0x0
 .glue_7        0x0000000010008100        0x0 linker stubs

.glue_7t        0x0000000010008100        0x0
 .glue_7t       0x0000000010008100        0x0 linker stubs

.vfp11_veneer   0x0000000010008100        0x0
 .vfp11_veneer  0x0000000010008100        0x0 linker stubs

.v4_bx          0x0000000010008100        0x0
 .v4_bx         0x0000000010008100        0x0 linker stubs

.iplt           0x0000000010008100        0x0
 .iplt          0x0000000010008100        0x0 /usr/lib/gcc/arm-none-eabi/10.3.0/thumb/v6-m/nofp/crtbegin.o

.rodata         0x0000000010008100     0x72c4
 *(EXCLUDE_FILE(*libm.a: *libc.a:*lib_a-mem*.o *libgcc.a:) .rodata*)
 .rodata.buttons_print.str1.4
                0x0000000010008100        0x3 CMakeFiles/Data_pad.dir/Buttons.c.obj
 *fill*         0x0000000010008103        0x1 
 .rodata.str1.4
                0x0000000010008104       0xa7 CMakeFiles/Data_pad.dir/Buttons.c.obj
 *fill*         0x00000000100081ab        0x1 
 .rodata.send_data_over_usb.str1.4
                0x00000000100081ac        0xc CMakeFiles/Data_pad.dir/Serial.c.obj
 .rodata.ws2812_program
                0x00000000100081b8        0x6 CMakeFiles/Data_pad.dir/Libraries/PicoRGB/PicoRGB.c.obj
 *fill*         0x00000000100081be        0x2 
 .rodata.ws2812_program_instructions
                0x00000000100081c0        0x8 CMakeFiles/Data_pad.dir/Libraries/PicoRGB/PicoRGB.c.obj
 .rodata.cmds.0
                0x00000000100081c8       0x19 CMakeFiles/Data_pad.dir/Libraries/PicoOled/PicoOled.c.obj
 *fill*         0x00000000100081e1        0x3 
 .rodata.ssd1306_font6x8
                0x00000000100081e4      0x245 CMakeFiles/Data_pad.dir/Libraries/PicoOled/PicoOled.c.obj
                0x00000000100081e4                ssd1306_font6x8
 *fill*         0x0000000010008429        0x3 
 .rodata.str1.4
                0x000000001000842c      0x15d CMakeFiles/Data_pad.dir/RGBkeypad.c.obj
                                        0x207 (size before relaxing)
 *fill*         0x0000000010008589        0x3 
 .rodata.handle_button_error.str1.4
                0x000000001000858c       0x3c CMakeFiles/Data_pad.dir/Internal_routines.c.obj
 .rodata.hardware_check.str1.4
                0x00000000100085c8       0xa9 CMakeFiles/Data_pad.dir/Internal_routines.c.obj
                                         0xad (size before relaxing)
 *fill*         0x0000000010008671        0x3 
 .rodata.oled_activity.str1.4
                0x0000000010008674       0x48 CMakeFiles/Data_pad.dir/Internal_routines.c.obj
                                         0x50 (size before relaxing)
 .rodata.str1.4
                0x00000000100086bc      0x309 CMakeFiles/Data_pad.dir/Internal_routines.c.obj
                                        0x3b3 (size before relaxing)
 *fill*         0x00000000100089c5        0x3 
 .rodata.boot_logo
                0x00000000100089c8      0x400 CMakeFiles/Data_pad.dir/Internal_routines.c.obj
                0x00000000100089c8                boot_logo
 .rodata.boot_logo_distorted_animation
                0x0000000010008dc8     0x5000 CMakeFiles/Data_pad.dir/Internal_routines.c.obj
                0x0000000010008dc8                boot_logo_distorted_animation
 .rodata.spin_lock_claim_unused.str1.4
                0x000000001000ddc8       0x1b CMakeFiles/Data_pad.dir/home/antonio/Progetti/picoProjects/pico-sdk/src/rp2_common/hardware_sync/sync.c.obj
 *fill*         0x000000001000dde3        0x1 
 .rodata.repeating_timer_callback.str1.4
                0x000000001000dde4       0x5d CMakeFiles/Data_pad.dir/home/antonio/Progetti/picoProjects/pico-sdk/src/common/pico_time/time.c.obj
 *fill*         0x000000001000de41        0x3 
 .rodata.timer_pool_entry_comparator.str1.4
                0x000000001000de44       0x22 CMakeFiles/Data_pad.dir/home/antonio/Progetti/picoProjects/pico-sdk/src/common/pico_time/time.c.obj
 *fill*         0x000000001000de66        0x2 
 .rodata.ph_add_child_node.str1.4
                0x000000001000de68       0xa6 CMakeFiles/Data_pad.dir/home/antonio/Progetti/picoProjects/pico-sdk/src/common/pico_time/time.c.obj
 *fill*         0x000000001000df0e        0x2 
 .rodata.add_alarm_under_lock.str1.4
                0x000000001000df10       0x28 CMakeFiles/Data_pad.dir/home/antonio/Progetti/picoProjects/pico-sdk/src/common/pico_time/time.c.obj
                                         0x2b (size before relaxing)
 .rodata.alarm_pool_alarm_callback.str1.4
                0x000000001000df38       0x82 CMakeFiles/Data_pad.dir/home/antonio/Progetti/picoProjects/pico-sdk/src/common/pico_time/time.c.obj
 *fill*         0x000000001000dfba        0x2 
 .rodata.alarm_pool_get_default.str1.4
                0x000000001000dfbc       0x21 CMakeFiles/Data_pad.dir/home/antonio/Progetti/picoProjects/pico-sdk/src/common/pico_time/time.c.obj
 *fill*         0x000000001000dfdd        0x3 
 .rodata.alarm_pool_cancel_alarm.str1.4
                0x000000001000dfe0       0x27 CMakeFiles/Data_pad.dir/home/antonio/Progetti/picoProjects/pico-sdk/src/common/pico_time/time.c.obj
 *fill*         0x000000001000e007        0x1 
 .rodata.sleep_until.str1.4
                0x000000001000e008       0x4d CMakeFiles/Data_pad.dir/home/antonio/Progetti/picoProjects/pico-sdk/src/common/pico_time/time.c.obj
 *fill*         0x000000001000e055        0x3 
 .rodata.__func__.1
                0x000000001000e058       0x18 CMakeFiles/Data_pad.dir/home/antonio/Progetti/picoProjects/pico-sdk/src/common/pico_time/time.c.obj
 .rodata.__func__.10
                0x000000001000e070       0x1a CMakeFiles/Data_pad.dir/home/antonio/Progetti/picoProjects/pico-sdk/src/common/pico_time/time.c.obj
 *fill*         0x000000001000e08a        0x2 
 .rodata.__func__.11
                0x000000001000e08c        0xa CMakeFiles/Data_pad.dir/home/antonio/Progetti/picoProjects/pico-sdk/src/common/pico_time/time.c.obj
 *fill*         0x000000001000e096        0x2 
 .rodata.__func__.3
                0x000000001000e098       0x17 CMakeFiles/Data_pad.dir/home/antonio/Progetti/picoProjects/pico-sdk/src/common/pico_time/time.c.obj
 *fill*         0x000000001000e0af        0x1 
 .rodata.__func__.4
                0x000000001000e0b0       0x12 CMakeFiles/Data_pad.dir/home/antonio/Progetti/picoProjects/pico-sdk/src/common/pico_time/time.c.obj
 *fill*         0x000000001000e0c2        0x2 
 .rodata.__func__.5
                0x000000001000e0c4        0xd CMakeFiles/Data_pad.dir/home/antonio/Progetti/picoProjects/pico-sdk/src/common/pico_time/time.c.obj
 *fill*         0x000000001000e0d1        0x3 
 .rodata.__func__.6
                0x000000001000e0d4       0x12 CMakeFiles/Data_pad.dir/home/antonio/Progetti/picoProjects/pico-sdk/src/common/pico_time/time.c.obj
 *fill*         0x000000001000e0e6        0x2 
 .rodata.__func__.7
                0x000000001000e0e8        0xf CMakeFiles/Data_pad.dir/home/antonio/Progetti/picoProjects/pico-sdk/src/common/pico_time/time.c.obj
 *fill*         0x000000001000e0f7        0x1 
 .rodata.__func__.8
                0x000000001000e0f8        0xc CMakeFiles/Data_pad.dir/home/antonio/Progetti/picoProjects/pico-sdk/src/common/pico_time/time.c.obj
 .rodata.__func__.9
                0x000000001000e104       0x15 CMakeFiles/Data_pad.dir/home/antonio/Progetti/picoProjects/pico-sdk/src/common/pico_time/time.c.obj
 *fill*         0x000000001000e119        0x3 
 .rodata.hardware_alarm_claim.str1.4
                0x000000001000e11c       0x22 CMakeFiles/Data_pad.dir/home/antonio/Progetti/picoProjects/pico-sdk/src/rp2_common/hardware_timer/timer.c.obj
 *fill*         0x000000001000e13e        0x2 
 .rodata.hardware_alarm_set_target.str1.4
                0x000000001000e140       0x77 CMakeFiles/Data_pad.dir/home/antonio/Progetti/picoProjects/pico-sdk/src/rp2_common/hardware_timer/timer.c.obj
 *fill*         0x000000001000e1b7        0x1 
 .rodata.__func__.0
                0x000000001000e1b8       0x1a CMakeFiles/Data_pad.dir/home/antonio/Progetti/picoProjects/pico-sdk/src/rp2_common/hardware_timer/timer.c.obj
 *fill*         0x000000001000e1d2        0x2 
 .rodata.str1.4
                0x000000001000e1d4       0x70 CMakeFiles/Data_pad.dir/home/antonio/Progetti/picoProjects/pico-sdk/src/common/pico_sync/mutex.c.obj
 .rodata.__func__.0
                0x000000001000e244        0xb CMakeFiles/Data_pad.dir/home/antonio/Progetti/picoProjects/pico-sdk/src/common/pico_sync/mutex.c.obj
 *fill*         0x000000001000e24f        0x1 
 .rodata.__func__.1
                0x000000001000e250       0x18 CMakeFiles/Data_pad.dir/home/antonio/Progetti/picoProjects/pico-sdk/src/common/pico_sync/mutex.c.obj
 .rodata.__func__.2
                0x000000001000e268       0x15 CMakeFiles/Data_pad.dir/home/antonio/Progetti/picoProjects/pico-sdk/src/common/pico_sync/mutex.c.obj
 .rodata.ph_add_child_node.str1.4
                0x000000001000e27d       0xa6 CMakeFiles/Data_pad.dir/home/antonio/Progetti/picoProjects/pico-sdk/src/common/pico_util/pheap.c.obj
 *fill*         0x000000001000e27d        0x3 
 .rodata.ph_remove_any_head.str1.4
                0x000000001000e280       0xa0 CMakeFiles/Data_pad.dir/home/antonio/Progetti/picoProjects/pico-sdk/src/common/pico_util/pheap.c.obj
 .rodata.ph_remove_and_free_node.str1.4
                0x000000001000e320       0x26 CMakeFiles/Data_pad.dir/home/antonio/Progetti/picoProjects/pico-sdk/src/common/pico_util/pheap.c.obj
 *fill*         0x000000001000e346        0x2 
 .rodata.__func__.0
                0x000000001000e348       0x18 CMakeFiles/Data_pad.dir/home/antonio/Progetti/picoProjects/pico-sdk/src/common/pico_util/pheap.c.obj
 .rodata.__func__.1
                0x000000001000e360       0x13 CMakeFiles/Data_pad.dir/home/antonio/Progetti/picoProjects/pico-sdk/src/common/pico_util/pheap.c.obj
 *fill*         0x000000001000e373        0x1 
 .rodata.__func__.2
                0x000000001000e374       0x12 CMakeFiles/Data_pad.dir/home/antonio/Progetti/picoProjects/pico-sdk/src/common/pico_util/pheap.c.obj
 *fill*         0x000000001000e386        0x2 
 .rodata.__func__.3
                0x000000001000e388        0xc CMakeFiles/Data_pad.dir/home/antonio/Progetti/picoProjects/pico-sdk/src/common/pico_util/pheap.c.obj
 .rodata.__assert_func.str1.4
                0x000000001000e394       0x3f CMakeFiles/Data_pad.dir/home/antonio/Progetti/picoProjects/pico-sdk/src/rp2_common/pico_runtime/runtime.c.obj
                                         0x43 (size before relaxing)
 *fill*         0x000000001000e3d3        0x1 
 .rodata.panic.str1.4
                0x000000001000e3d4       0x10 CMakeFiles/Data_pad.dir/home/antonio/Progetti/picoProjects/pico-sdk/src/rp2_common/pico_runtime/runtime.c.obj
                                         0x12 (size before relaxing)
 .rodata.clock_configure.str1.4
                0x000000001000e3e4       0x69 CMakeFiles/Data_pad.dir/home/antonio/Progetti/picoProjects/pico-sdk/src/rp2_common/hardware_clocks/clocks.c.obj
 *fill*         0x000000001000e44d        0x3 
 .rodata.__func__.1
                0x000000001000e450       0x10 CMakeFiles/Data_pad.dir/home/antonio/Progetti/picoProjects/pico-sdk/src/rp2_common/hardware_clocks/clocks.c.obj
 .rodata.pll_init.str1.4
                0x000000001000e460       0xeb CMakeFiles/Data_pad.dir/home/antonio/Progetti/picoProjects/pico-sdk/src/rp2_common/hardware_pll/pll.c.obj
 *fill*         0x000000001000e54b        0x1 
 .rodata.__func__.0
                0x000000001000e54c        0x9 CMakeFiles/Data_pad.dir/home/antonio/Progetti/picoProjects/pico-sdk/src/rp2_common/hardware_pll/pll.c.obj
 *fill*         0x000000001000e555        0x3 
 .rodata.make_branch.str1.4
                0x000000001000e558       0x5f CMakeFiles/Data_pad.dir/home/antonio/Progetti/picoProjects/pico-sdk/src/rp2_common/hardware_irq/irq.c.obj
 *fill*         0x000000001000e5b7        0x1 
 .rodata.irq_set_exclusive_handler.str1.4
                0x000000001000e5b8       0x36 CMakeFiles/Data_pad.dir/home/antonio/Progetti/picoProjects/pico-sdk/src/rp2_common/hardware_irq/irq.c.obj
 *fill*         0x000000001000e5ee        0x2 
 .rodata.irq_add_shared_handler.str1.4
                0x000000001000e5f0       0xd9 CMakeFiles/Data_pad.dir/home/antonio/Progetti/picoProjects/pico-sdk/src/rp2_common/hardware_irq/irq.c.obj
 *fill*         0x000000001000e6c9        0x3 
 .rodata.irq_remove_handler.str1.4
                0x000000001000e6cc       0x2a CMakeFiles/Data_pad.dir/home/antonio/Progetti/picoProjects/pico-sdk/src/rp2_common/hardware_irq/irq.c.obj
 *fill*         0x000000001000e6f6        0x2 
 .rodata.irq_add_tail_to_free_list.str1.4
                0x000000001000e6f8       0x32 CMakeFiles/Data_pad.dir/home/antonio/Progetti/picoProjects/pico-sdk/src/rp2_common/hardware_irq/irq.c.obj
                                         0x3a (size before relaxing)
 *fill*         0x000000001000e72a        0x2 
 .rodata.__func__.0
                0x000000001000e72c       0x1a CMakeFiles/Data_pad.dir/home/antonio/Progetti/picoProjects/pico-sdk/src/rp2_common/hardware_irq/irq.c.obj
 *fill*         0x000000001000e746        0x2 
 .rodata.__func__.1
                0x000000001000e748       0x17 CMakeFiles/Data_pad.dir/home/antonio/Progetti/picoProjects/pico-sdk/src/rp2_common/hardware_irq/irq.c.obj
 *fill*         0x000000001000e75f        0x1 
 .rodata.__func__.2
                0x000000001000e760       0x13 CMakeFiles/Data_pad.dir/home/antonio/Progetti/picoProjects/pico-sdk/src/rp2_common/hardware_irq/irq.c.obj
 *fill*         0x000000001000e773        0x1 
 .rodata.__func__.3
                0x000000001000e774        0xc CMakeFiles/Data_pad.dir/home/antonio/Progetti/picoProjects/pico-sdk/src/rp2_common/hardware_irq/irq.c.obj
 .rodata.__func__.4
                0x000000001000e780        0xf CMakeFiles/Data_pad.dir/home/antonio/Progetti/picoProjects/pico-sdk/src/rp2_common/hardware_irq/irq.c.obj
 *fill*         0x000000001000e78f        0x1 
 .rodata.__func__.6
                0x000000001000e790       0x1a CMakeFiles/Data_pad.dir/home/antonio/Progetti/picoProjects/pico-sdk/src/rp2_common/hardware_irq/irq.c.obj
 *fill*         0x000000001000e7aa        0x2 
 .rodata._ftoa.str1.4
                0x000000001000e7ac       0x15 CMakeFiles/Data_pad.dir/home/antonio/Progetti/picoProjects/pico-sdk/src/rp2_common/pico_printf/printf.c.obj
 *fill*         0x000000001000e7c1        0x3 
 .rodata._vsnprintf
                0x000000001000e7c4      0x1e0 CMakeFiles/Data_pad.dir/home/antonio/Progetti/picoProjects/pico-sdk/src/rp2_common/pico_printf/printf.c.obj
 *fill*         0x000000001000e9a4        0x4 
 .rodata.pow10.0
                0x000000001000e9a8       0x50 CMakeFiles/Data_pad.dir/home/antonio/Progetti/picoProjects/pico-sdk/src/rp2_common/pico_printf/printf.c.obj
 .rodata.__aeabi_double_init.str1.4
                0x000000001000e9f8       0xba CMakeFiles/Data_pad.dir/home/antonio/Progetti/picoProjects/pico-sdk/src/rp2_common/pico_double/double_init_rom.c.obj
 *fill*         0x000000001000eab2        0x2 
 .rodata.__func__.0
                0x000000001000eab4       0x14 CMakeFiles/Data_pad.dir/home/antonio/Progetti/picoProjects/pico-sdk/src/rp2_common/pico_double/double_init_rom.c.obj
 .rodata.__aeabi_float_init.str1.4
                0x000000001000eac8       0x8c CMakeFiles/Data_pad.dir/home/antonio/Progetti/picoProjects/pico-sdk/src/rp2_common/pico_float/float_init_rom.c.obj
                                         0x90 (size before relaxing)
 .rodata.__func__.0
                0x000000001000eb54       0x13 CMakeFiles/Data_pad.dir/home/antonio/Progetti/picoProjects/pico-sdk/src/rp2_common/pico_float/float_init_rom.c.obj
 *fill*         0x000000001000eb67        0x1 
 .rodata.str1.4